Component: ARM Compiler 5.06 update 1 (build 61) Tool: armlink [4d35a8]

==============================================================================

Section Cross References

    startup_stm32f407xx.o(RESET) refers to startup_stm32f407xx.o(STACK) for __initial_sp
    startup_stm32f407xx.o(RESET) refers to startup_stm32f407xx.o(.text) for Reset_Handler
    startup_stm32f407xx.o(RESET) refers to stm32f4xx_it.o(i.NMI_Handler) for NMI_Handler
    startup_stm32f407xx.o(RESET) refers to stm32f4xx_it.o(i.HardFault_Handler) for HardFault_Handler
    startup_stm32f407xx.o(RESET) refers to stm32f4xx_it.o(i.MemManage_Handler) for MemManage_Handler
    startup_stm32f407xx.o(RESET) refers to stm32f4xx_it.o(i.BusFault_Handler) for BusFault_Handler
    startup_stm32f407xx.o(RESET) refers to stm32f4xx_it.o(i.UsageFault_Handler) for UsageFault_Handler
    startup_stm32f407xx.o(RESET) refers to port.o(.emb_text) for SVC_Handler
    startup_stm32f407xx.o(RESET) refers to stm32f4xx_it.o(i.DebugMon_Handler) for DebugMon_Handler
    startup_stm32f407xx.o(RESET) refers to cmsis_os2.o(i.SysTick_Handler) for SysTick_Handler
    startup_stm32f407xx.o(RESET) refers to stm32f4xx_it.o(i.RTC_WKUP_IRQHandler) for RTC_WKUP_IRQHandler
    startup_stm32f407xx.o(RESET) refers to stm32f4xx_it.o(i.TIM6_DAC_IRQHandler) for TIM6_DAC_IRQHandler
    startup_stm32f407xx.o(.text) refers to system_stm32f4xx.o(i.SystemInit) for SystemInit
    startup_stm32f407xx.o(.text) refers to entry.o(.ARM.Collect$$$$00000000) for __main
    main.o(i.HAL_TIM_PeriodElapsedCallback) refers to stm32f4xx_hal.o(i.HAL_IncTick) for HAL_IncTick
    main.o(i.SystemClock_Config) refers to memseta.o(.text) for __aeabi_memclr4
    main.o(i.SystemClock_Config) refers to stm32f4xx_hal_rcc.o(i.HAL_RCC_OscConfig) for HAL_RCC_OscConfig
    main.o(i.SystemClock_Config) refers to stm32f4xx_hal_rcc.o(i.HAL_RCC_ClockConfig) for HAL_RCC_ClockConfig
    main.o(i.fputc) refers to stm32f4xx_hal_uart.o(i.HAL_UART_Transmit) for HAL_UART_Transmit
    main.o(i.fputc) refers to usart.o(.bss) for huart1
    main.o(i.main) refers to stm32f4xx_hal.o(i.HAL_Init) for HAL_Init
    main.o(i.main) refers to main.o(i.SystemClock_Config) for SystemClock_Config
    main.o(i.main) refers to gpio.o(i.MX_GPIO_Init) for MX_GPIO_Init
    main.o(i.main) refers to usart.o(i.MX_USART1_UART_Init) for MX_USART1_UART_Init
    main.o(i.main) refers to rtc.o(i.MX_RTC_Init) for MX_RTC_Init
    main.o(i.main) refers to cmsis_os2.o(i.osKernelInitialize) for osKernelInitialize
    main.o(i.main) refers to freertos.o(i.MX_FREERTOS_Init) for MX_FREERTOS_Init
    main.o(i.main) refers to cmsis_os2.o(i.osKernelStart) for osKernelStart
    gpio.o(i.MX_GPIO_Init) refers to memseta.o(.text) for __aeabi_memclr4
    gpio.o(i.MX_GPIO_Init) refers to stm32f4xx_hal_gpio.o(i.HAL_GPIO_Init) for HAL_GPIO_Init
    freertos.o(i.HAL_RTCEx_WakeUpTimerEventCallback) refers to queue.o(i.xQueueGenericSendFromISR) for xQueueGenericSendFromISR
    freertos.o(i.HAL_RTCEx_WakeUpTimerEventCallback) refers to freertos.o(.data) for .data
    freertos.o(i.MX_FREERTOS_Init) refers to cmsis_os2.o(i.osMessageQueueNew) for osMessageQueueNew
    freertos.o(i.MX_FREERTOS_Init) refers to cmsis_os2.o(i.osThreadNew) for osThreadNew
    freertos.o(i.MX_FREERTOS_Init) refers to freertos.o(.constdata) for .constdata
    freertos.o(i.MX_FREERTOS_Init) refers to freertos.o(.data) for .data
    freertos.o(i.MX_FREERTOS_Init) refers to freertos.o(i.TASK_SEND) for TASK_SEND
    freertos.o(i.MX_FREERTOS_Init) refers to freertos.o(i.TASK_RECEIVE) for TASK_RECEIVE
    freertos.o(i.TASK_RECEIVE) refers to queue.o(i.uxQueueMessagesWaiting) for uxQueueMessagesWaiting
    freertos.o(i.TASK_RECEIVE) refers to queue.o(i.uxQueueSpacesAvailable) for uxQueueSpacesAvailable
    freertos.o(i.TASK_RECEIVE) refers to queue.o(i.xQueueReceive) for xQueueReceive
    freertos.o(i.TASK_RECEIVE) refers to printf1.o(i.__0printf$1) for __2printf
    freertos.o(i.TASK_RECEIVE) refers to cmsis_os2.o(i.osDelay) for osDelay
    freertos.o(i.TASK_RECEIVE) refers to freertos.o(.data) for .data
    freertos.o(i.TASK_SEND) refers to stm32f4xx_hal_gpio.o(i.HAL_GPIO_ReadPin) for HAL_GPIO_ReadPin
    freertos.o(i.TASK_SEND) refers to queue.o(i.xQueueGenericSend) for xQueueGenericSend
    freertos.o(i.TASK_SEND) refers to queue.o(i.xQueueGenericReset) for xQueueGenericReset
    freertos.o(i.TASK_SEND) refers to cmsis_os2.o(i.osDelay) for osDelay
    freertos.o(i.TASK_SEND) refers to freertos.o(.data) for .data
    freertos.o(.constdata) refers to freertos.o(.conststring) for .conststring
    rtc.o(i.HAL_RTC_MspDeInit) refers to stm32f4xx_hal_cortex.o(i.HAL_NVIC_DisableIRQ) for HAL_NVIC_DisableIRQ
    rtc.o(i.HAL_RTC_MspInit) refers to stm32f4xx_hal_rcc_ex.o(i.HAL_RCCEx_PeriphCLKConfig) for HAL_RCCEx_PeriphCLKConfig
    rtc.o(i.HAL_RTC_MspInit) refers to main.o(i.Error_Handler) for Error_Handler
[...]
    ../Middlewares/Third_Party/FreeRTOS/Source/croutine.c 0x00000000   Number         0  croutine.o ABSOLUTE
    ../Middlewares/Third_Party/FreeRTOS/Source/event_groups.c 0x00000000   Number         0  event_groups.o ABSOLUTE
    ../Middlewares/Third_Party/FreeRTOS/Source/list.c 0x00000000   Number         0  list.o ABSOLUTE
    ../Middlewares/Third_Party/FreeRTOS/Source/portable/MemMang/heap_4.c 0x00000000   Number         0  heap_4.o ABSOLUTE
    ../Middlewares/Third_Party/FreeRTOS/Source/portable/RVDS/ARM_CM4F/port.c 0x00000000   Number         0  port.o ABSOLUTE
    ../Middlewares/Third_Party/FreeRTOS/Source/queue.c 0x00000000   Number         0  queue.o ABSOLUTE
    ../Middlewares/Third_Party/FreeRTOS/Source/stream_buffer.c 0x00000000   Number         0  stream_buffer.o ABSOLUTE
    ../Middlewares/Third_Party/FreeRTOS/Source/tasks.c 0x00000000   Number         0  tasks.o ABSOLUTE
    ../Middlewares/Third_Party/FreeRTOS/Source/timers.c 0x00000000   Number         0  timers.o ABSOLUTE
    ../clib/microlib/division.c              0x00000000   Number         0  uidiv.o ABSOLUTE
    ../clib/microlib/division.c              0x00000000   Number         0  uldiv.o ABSOLUTE
    ../clib/microlib/init/entry.s            0x00000000   Number         0  entry9b.o ABSOLUTE
    ../clib/microlib/init/entry.s            0x00000000   Number         0  entry.o ABSOLUTE
    ../clib/microlib/init/entry.s            0x00000000   Number         0  entry9a.o ABSOLUTE
    ../clib/microlib/init/entry.s            0x00000000   Number         0  entry7b.o ABSOLUTE
    ../clib/microlib/init/entry.s            0x00000000   Number         0  entry2.o ABSOLUTE
    ../clib/microlib/init/entry.s            0x00000000   Number         0  entry5.o ABSOLUTE
    ../clib/microlib/init/entry.s            0x00000000   Number         0  entry11b.o ABSOLUTE
    ../clib/microlib/init/entry.s            0x00000000   Number         0  entry11a.o ABSOLUTE
    ../clib/microlib/init/entry.s            0x00000000   Number         0  entry10b.o ABSOLUTE
    ../clib/microlib/init/entry.s            0x00000000   Number         0  entry7a.o ABSOLUTE
    ../clib/microlib/init/entry.s            0x00000000   Number         0  entry8a.o ABSOLUTE
    ../clib/microlib/init/entry.s            0x00000000   Number         0  entry8b.o ABSOLUTE
    ../clib/microlib/init/entry.s            0x00000000   Number         0  entry10a.o ABSOLUTE
    ../clib/microlib/longlong.c              0x00000000   Number         0  llushr.o ABSOLUTE
    ../clib/microlib/longlong.c              0x00000000   Number         0  llshl.o ABSOLUTE
    ../clib/microlib/longlong.c              0x00000000   Number         0  llsshr.o ABSOLUTE
    ../clib/microlib/printf/printf.c         0x00000000   Number         0  printf5.o ABSOLUTE
    ../clib/microlib/printf/printf.c         0x00000000   Number         0  printf7.o ABSOLUTE
    ../clib/microlib/printf/printf.c         0x00000000   Number         0  printfa.o ABSOLUTE
    ../clib/microlib/printf/printf.c         0x00000000   Number         0  printf3.o ABSOLUTE
    ../clib/microlib/printf/printf.c         0x00000000   Number         0  printf8.o ABSOLUTE
    ../clib/microlib/printf/printf.c         0x00000000   Number         0  printf4.o ABSOLUTE
    ../clib/microlib/printf/printf.c         0x00000000   Number         0  printf6.o ABSOLUTE
    ../clib/microlib/printf/printf.c         0x00000000   Number         0  printf2.o ABSOLUTE
    ../clib/microlib/printf/printf.c         0x00000000   Number         0  printf1.o ABSOLUTE
    ../clib/microlib/printf/printf.c         0x00000000   Number         0  printf0.o ABSOLUTE
    ../clib/microlib/printf/printf.c         0x00000000   Number         0  printfb.o ABSOLUTE
    ../clib/microlib/printf/stubs.s          0x00000000   Number         0  stubs.o ABSOLUTE
    ../clib/microlib/stdio/streams.c         0x00000000   Number         0  stdout.o ABSOLUTE
    ../clib/microlib/string/memcpy.c         0x00000000   Number         0  memcpyb.o ABSOLUTE
    ../clib/microlib/string/memcpy.c         0x00000000   Number         0  memcpya.o ABSOLUTE
    ../clib/microlib/string/memset.c         0x00000000   Number         0  memset.o ABSOLUTE
    ../clib/microlib/string/memset.c         0x00000000   Number         0  memseta.o ABSOLUTE
    ../clib/microlib/stubs.s                 0x00000000   Number         0  iusefp.o ABSOLUTE
    ../fplib/microlib/fpadd.c                0x00000000   Number         0  dadd.o ABSOLUTE
    ../fplib/microlib/fpdiv.c                0x00000000   Number         0  ddiv.o ABSOLUTE
    ../fplib/microlib/fpepilogue.c           0x00000000   Number         0  depilogue.o ABSOLUTE
    ../fplib/microlib/fpfix.c                0x00000000   Number         0  dfixul.o ABSOLUTE
    ../fplib/microlib/fpmul.c                0x00000000   Number         0  dmul.o ABSOLUTE
    ..\Core\Src\freertos.c                   0x00000000   Number         0  freertos.o ABSOLUTE
    ..\Core\Src\gpio.c                       0x00000000   Number         0  gpio.o ABSOLUTE
    ..\Core\Src\main.c                       0x00000000   Number         0  main.o ABSOLUTE
    ..\Core\Src\rtc.c                        0x00000000   Number         0  rtc.o ABSOLUTE
    ..\Core\Src\stm32f4xx_hal_msp.c          0x00000000   Number         0  stm32f4xx_hal_msp.o ABSOLUTE
    ..\Core\Src\stm32f4xx_hal_timebase_tim.c 0x00000000   Number         0  stm32f4xx_hal_timebase_tim.o ABSOLUTE
    ..\Core\Src\stm32f4xx_it.c               0x00000000   Number         0  stm32f4xx_it.o ABSOLUTE
    ..\Core\Src\system_stm32f4xx.c           0x00000000   Number         0  system_stm32f4xx.o ABSOLUTE
    ..\Core\Src\usart.c                      0x00000000   Number         0  usart.o ABSOLUTE
    ..\Drivers\STM32F4xx_HAL_Driver\Src\stm32f4xx_hal.c 0x00000000   Number         0  stm32f4xx_hal.o ABSOLUTE
    ..\Drivers\STM32F4xx_HAL_Driver\Src\stm32f4xx_hal_cortex.c 0x00000000   Number         0  stm32f4xx_hal_cortex.o ABSOLUTE
    ..\Drivers\STM32F4xx_HAL_Driver\Src\stm32f4xx_hal_dma.c 0x00000000   Number         0  stm32f4xx_hal_dma.o ABSOLUTE
    ..\Drivers\STM32F4xx_HAL_Driver\Src\stm32f4xx_hal_dma_ex.c 0x00000000   Number         0  stm32f4xx_hal_dma_ex.o ABSOLUTE
    ..\Drivers\STM32F4xx_HAL_Driver\Src\stm32f4xx_hal_exti.c 0x00000000   Number         0  stm32f4xx_hal_exti.o ABSOLUTE
    ..\Drivers\STM32F4xx_HAL_Driver\Src\stm32f4xx_hal_flash.c 0x00000000   Number         0  stm32f4xx_hal_flash.o ABSOLUTE
    ..\Drivers\STM32F4xx_HAL_Driver\Src\stm32f4xx_hal_flash_ex.c 0x00000000   Number         0  stm32f4xx_hal_flash_ex.o ABSOLUTE
    ..\Drivers\STM32F4xx_HAL_Driver\Src\stm32f4xx_hal_flash_ramfunc.c 0x00000000   Number         0  stm32f4xx_hal_flash_ramfunc.o ABSOLUTE
    ..\Drivers\STM32F4xx_HAL_Driver\Src\stm32f4xx_hal_gpio.c 0x00000000   Number         0  stm32f4xx_hal_gpio.o ABSOLUTE
    ..\Drivers\STM32F4xx_HAL_Driver\Src\stm32f4xx_hal_pwr.c 0x00000000   Number         0  stm32f4xx_hal_pwr.o ABSOLUTE
    ..\Drivers\STM32F4xx_HAL_Driver\Src\stm32f4xx_hal_pwr_ex.c 0x00000000   Number         0  stm32f4xx_hal_pwr_ex.o ABSOLUTE
    ..\Drivers\STM32F4xx_HAL_Driver\Src\stm32f4xx_hal_rcc.c 0x00000000   Number         0  stm32f4xx_hal_rcc.o ABSOLUTE
    ..\Drivers\STM32F4xx_HAL_Driver\Src\stm32f4xx_hal_rcc_ex.c 0x00000000   Number         0  stm32f4xx_hal_rcc_ex.o ABSOLUTE
    ..\Drivers\STM32F4xx_HAL_Driver\Src\stm32f4xx_hal_rtc.c 0x00000000   Number         0  stm32f4xx_hal_rtc.o ABSOLUTE
    ..\Drivers\STM32F4xx_HAL_Driver\Src\stm32f4xx_hal_rtc_ex.c 0x00000000   Number         0  stm32f4xx_hal_rtc_ex.o ABSOLUTE
    ..\Drivers\STM32F4xx_HAL_Driver\Src\stm32f4xx_hal_tim.c 0x00000000   Number         0  stm32f4xx_hal_tim.o ABSOLUTE
    ..\Drivers\STM32F4xx_HAL_Driver\Src\stm32f4xx_hal_tim_ex.c 0x00000000   Number         0  stm32f4xx_hal_tim_ex.o ABSOLUTE
    ..\Drivers\STM32F4xx_HAL_Driver\Src\stm32f4xx_hal_uart.c 0x00000000   Number         0  stm32f4xx_hal_uart.o ABSOLUTE
    ..\Middlewares\Third_Party\FreeRTOS\Source\CMSIS_RTOS_V2\cmsis_os2.c 0x00000000   Number         0  cmsis_os2.o ABSOLUTE
    ..\Middlewares\Third_Party\FreeRTOS\Source\portable\RVDS\ARM_CM4F\port.c 0x00000000   Number         0  port.o ABSOLUTE
    cdrcmple.s                               0x00000000   Number         0  cdrcmple.o ABSOLUTE
    dc.s                                     0x00000000   Number         0  dc.o ABSOLUTE
    handlers.s                               0x00000000   Number         0  handlers.o ABSOLUTE
    init.s                                   0x00000000   Number         0  init.o ABSOLUTE
    startup_stm32f407xx.s                    0x00000000   Number         0  startup_stm32f407xx.o ABSOLUTE
    RESET                                    0x08000000   Section      392  startup_stm32f407xx.o(RESET)
    .ARM.Collect$$$$00000000                 0x08000188   Section        0  entry.o(.ARM.Collect$$$$00000000)
    .ARM.Collect$$$$00000001                 0x08000188   Section        4  entry2.o(.ARM.Collect$$$$00000001)
    .ARM.Collect$$$$00000004                 0x0800018c   Section        4  entry5.o(.ARM.Collect$$$$00000004)
    .ARM.Collect$$$$00000008                 0x08000190   Section        0  entry7b.o(.ARM.Collect$$$$00000008)
    .ARM.Collect$$$$0000000A                 0x08000190   Section        0  entry8b.o(.ARM.Collect$$$$0000000A)
    .ARM.Collect$$$$0000000B                 0x08000190   Section        8  entry9a.o(.ARM.Collect$$$$0000000B)
    .ARM.Collect$$$$0000000D                 0x08000198   Section        0  entry10a.o(.ARM.Collect$$$$0000000D)
    .ARM.Collect$$$$0000000F                 0x08000198   Section        0  entry11a.o(.ARM.Collect$$$$0000000F)
    .ARM.Collect$$$$00002712                 0x08000198   Section        4  entry2.o(.ARM.Collect$$$$00002712)
    __lit__00000000                          0x08000198   Data           4  entry2.o(.ARM.Collect$$$$00002712)
    .emb_text                                0x0800019c   Section      190  port.o(.emb_text)
    $v0                                      0x0800019c   Number         0  port.o(.emb_text)
    .text                                    0x0800025c   Section       36  startup_stm32f407xx.o(.text)
    $v0                                      0x0800025c   Number         0  startup_stm32f407xx.o(.text)
    .text                                    0x08000280   Section        0  uldiv.o(.text)
    .text                                    0x080002e2   Section        0  memcpya.o(.text)
    .text                                    0x08000306   Section        0  memseta.o(.text)
    .text                                    0x0800032a   Section        0  uidiv.o(.text)
    .text                                    0x08000356   Section        0  llshl.o(.text)
    .text                                    0x08000374   Section        0  llushr.o(.text)
    .text                                    0x08000394   Section       36  init.o(.text)
    i.BusFault_Handler                       0x080003b8   Section        0  stm32f4xx_it.o(i.BusFault_Handler)
    i.DebugMon_Handler                       0x080003ba   Section        0  stm32f4xx_it.o(i.DebugMon_Handler)
    i.Error_Handler                          0x080003bc   Section        0  main.o(i.Error_Handler)
    i.HAL_GPIO_Init                          0x080003c0   Section        0  stm32f4xx_hal_gpio.o(i.HAL_GPIO_Init)
    i.HAL_GPIO_ReadPin                       0x080005b0   Section        0  stm32f4xx_hal_gpio.o(i.HAL_GPIO_ReadPin)
    i.HAL_GetTick                            0x080005bc   Section        0  stm32f4xx_hal.o(i.HAL_GetTick)
    i.HAL_IncTick                            0x080005c8   Section        0  stm32f4xx_hal.o(i.HAL_IncTick)
    i.HAL_Init                               0x080005d8   Section        0  stm32f4xx_hal.o(i.HAL_Init)
    i.HAL_InitTick                           0x0800060c   Section        0  stm32f4xx_hal_timebase_tim.o(i.HAL_InitTick)
    i.HAL_MspInit                            0x080006a4   Section        0  stm32f4xx_hal_msp.o(i.HAL_MspInit)
    i.HAL_NVIC_EnableIRQ                     0x080006dc   Section        0  stm32f4xx_hal_cortex.o(i.HAL_NVIC_EnableIRQ)
    i.HAL_NVIC_SetPriority                   0x080006f8   Section        0  stm32f4xx_hal_cortex.o(i.HAL_NVIC_SetPriority)
    i.HAL_NVIC_SetPriorityGrouping           0x08000738   Section        0  stm32f4xx_hal_cortex.o(i.HAL_NVIC_SetPriorityGrouping)
    i.HAL_RCCEx_PeriphCLKConfig              0x0800075c   Section        0  stm32f4xx_hal_rcc_ex.o(i.HAL_RCCEx_PeriphCLKConfig)
    i.HAL_RCC_ClockConfig                    0x08000898   Section        0  stm32f4xx_hal_rcc.o(i.HAL_RCC_ClockConfig)
    i.HAL_RCC_GetClockConfig                 0x080009cc   Section        0  stm32f4xx_hal_rcc.o(i.HAL_RCC_GetClockConfig)
    i.HAL_RCC_GetPCLK1Freq                   0x08000a0c   Section        0  stm32f4xx_hal_rcc.o(i.HAL_RCC_GetPCLK1Freq)
    i.HAL_RCC_GetPCLK2Freq                   0x08000a2c   Section        0  stm32f4xx_hal_rcc.o(i.HAL_RCC_GetPCLK2Freq)
    i.HAL_RCC_GetSysClockFreq                0x08000a4c   Section        0  stm32f4xx_hal_rcc.o(i.HAL_RCC_GetSysClockFreq)
    i.HAL_RCC_OscConfig                      0x08000aac   Section        0  stm32f4xx_hal_rcc.o(i.HAL_RCC_OscConfig)
    i.HAL_RTCEx_SetWakeUpTimer_IT            0x08000e18   Section        0  stm32f4xx_hal_rtc_ex.o(i.HAL_RTCEx_SetWakeUpTimer_IT)
    i.HAL_RTCEx_WakeUpTimerEventCallback     0x08000f1c   Section        0  freertos.o(i.HAL_RTCEx_WakeUpTimerEventCallback)
    i.HAL_RTCEx_WakeUpTimerIRQHandler        0x08000f54   Section        0  stm32f4xx_hal_rtc_ex.o(i.HAL_RTCEx_WakeUpTimerIRQHandler)
    i.HAL_RTC_Init                           0x08000f84   Section        0  stm32f4xx_hal_rtc.o(i.HAL_RTC_Init)
    i.HAL_RTC_MspInit                        0x08001020   Section        0  rtc.o(i.HAL_RTC_MspInit)
    i.HAL_RTC_SetDate                        0x08001068   Section        0  stm32f4xx_hal_rtc.o(i.HAL_RTC_SetDate)
    i.HAL_RTC_SetTime                        0x08001100   Section        0  stm32f4xx_hal_rtc.o(i.HAL_RTC_SetTime)
    i.HAL_RTC_WaitForSynchro                 0x080011c0   Section        0  stm32f4xx_hal_rtc.o(i.HAL_RTC_WaitForSynchro)
    i.HAL_TIMEx_BreakCallback                0x080011f8   Section        0  stm32f4xx_hal_tim_ex.o(i.HAL_TIMEx_BreakCallback)
    i.HAL_TIMEx_CommutCallback               0x080011fa   Section        0  stm32f4xx_hal_tim_ex.o(i.HAL_TIMEx_CommutCallback)
    i.HAL_TIM_Base_Init                      0x080011fc   Section        0  stm32f4xx_hal_tim.o(i.HAL_TIM_Base_Init)
    i.HAL_TIM_Base_MspInit                   0x08001256   Section        0  stm32f4xx_hal_tim.o(i.HAL_TIM_Base_MspInit)
    i.HAL_TIM_Base_Start_IT                  0x08001258   Section        0  stm32f4xx_hal_tim.o(i.HAL_TIM_Base_Start_IT)
    i.HAL_TIM_IC_CaptureCallback             0x080012d8   Section        0  stm32f4xx_hal_tim.o(i.HAL_TIM_IC_CaptureCallback)
    i.HAL_TIM_IRQHandler                     0x080012da   Section        0  stm32f4xx_hal_tim.o(i.HAL_TIM_IRQHandler)
    i.HAL_TIM_OC_DelayElapsedCallback        0x0800140a   Section        0  stm32f4xx_hal_tim.o(i.HAL_TIM_OC_DelayElapsedCallback)
    i.HAL_TIM_PWM_PulseFinishedCallback      0x0800140c   Section        0  stm32f4xx_hal_tim.o(i.HAL_TIM_PWM_PulseFinishedCallback)
    i.HAL_TIM_PeriodElapsedCallback          0x08001410   Section        0  main.o(i.HAL_TIM_PeriodElapsedCallback)
    i.HAL_TIM_TriggerCallback                0x08001424   Section        0  stm32f4xx_hal_tim.o(i.HAL_TIM_TriggerCallback)
    i.HAL_UART_Init                          0x08001426   Section        0  stm32f4xx_hal_uart.o(i.HAL_UART_Init)
    i.HAL_UART_MspInit                       0x0800148c   Section        0  usart.o(i.HAL_UART_MspInit)
    i.HAL_UART_Transmit                      0x080014f8   Section        0  stm32f4xx_hal_uart.o(i.HAL_UART_Transmit)
    i.HardFault_Handler                      0x08001598   Section        0  stm32f4xx_it.o(i.HardFault_Handler)
    i.MX_FREERTOS_Init                       0x0800159c   Section        0  freertos.o(i.MX_FREERTOS_Init)
    i.MX_GPIO_Init                           0x080015dc   Section        0  gpio.o(i.MX_GPIO_Init)
    i.MX_RTC_Init                            0x0800164c   Section        0  rtc.o(i.MX_RTC_Init)
    i.MX_USART1_UART_Init                    0x080016dc   Section        0  usart.o(i.MX_USART1_UART_Init)
    i.MemManage_Handler                      0x08001714   Section        0  stm32f4xx_it.o(i.MemManage_Handler)
    i.NMI_Handler                            0x08001716   Section        0  stm32f4xx_it.o(i.NMI_Handler)
    i.RTC_ByteToBcd2                         0x08001718   Section        0  stm32f4xx_hal_rtc.o(i.RTC_ByteToBcd2)
    i.RTC_EnterInitMode                      0x08001730   Section        0  stm32f4xx_hal_rtc.o(i.RTC_EnterInitMode)
    i.RTC_ExitInitMode                       0x08001778   Section        0  stm32f4xx_hal_rtc.o(i.RTC_ExitInitMode)
    i.RTC_WKUP_IRQHandler                    0x080017a4   Section        0  stm32f4xx_it.o(i.RTC_WKUP_IRQHandler)
    i.SysTick_Handler                        0x080017b0   Section        0  cmsis_os2.o(i.SysTick_Handler)
    i.SystemClock_Config                     0x080017cc   Section        0  main.o(i.SystemClock_Config)
    i.SystemInit                             0x08001864   Section        0  system_stm32f4xx.o(i.SystemInit)
    i.TASK_RECEIVE                           0x08001874   Section        0  freertos.o(i.TASK_RECEIVE)
    i.TASK_SEND                              0x080018e8   Section        0  freertos.o(i.TASK_SEND)
    i.TIM6_DAC_IRQHandler                    0x08001968   Section        0  stm32f4xx_it.o(i.TIM6_DAC_IRQHandler)
    i.TIM_Base_SetConfig                     0x08001974   Section        0  stm32f4xx_hal_tim.o(i.TIM_Base_SetConfig)
    i.UART_EndRxTransfer                     0x08001a4c   Section        0  stm32f4xx_hal_uart.o(i.UART_EndRxTransfer)
    UART_EndRxTransfer                       0x08001a4d   Thumb Code    78  stm32f4xx_hal_uart.o(i.UART_EndRxTransfer)
    i.UART_SetConfig                         0x08001a9c   Section        0  stm32f4xx_hal_uart.o(i.UART_SetConfig)
    UART_SetConfig                           0x08001a9d   Thumb Code   258  stm32f4xx_hal_uart.o(i.UART_SetConfig)
    i.UART_WaitOnFlagUntilTimeout            0x08001ba8   Section        0  stm32f4xx_hal_uart.o(i.UART_WaitOnFlagUntilTimeout)
    UART_WaitOnFlagUntilTimeout              0x08001ba9   Thumb Code   114  stm32f4xx_hal_uart.o(i.UART_WaitOnFlagUntilTimeout)
    i.UsageFault_Handler                     0x08001c1a   Section        0  stm32f4xx_it.o(i.UsageFault_Handler)
    i.__0printf$1                            0x08001c1c   Section        0  printf1.o(i.__0printf$1)
    i.__NVIC_SetPriority                     0x08001c3c   Section        0  stm32f4xx_hal_cortex.o(i.__NVIC_SetPriority)
    __NVIC_SetPriority                       0x08001c3d   Thumb Code    32  stm32f4xx_hal_cortex.o(i.__NVIC_SetPriority)
    i.__scatterload_copy                     0x08001c5c   Section       14  handlers.o(i.__scatterload_copy)
    i.__scatterload_null                     0x08001c6a   Section        2  handlers.o(i.__scatterload_null)
    i.__scatterload_zeroinit                 0x08001c6c   Section       14  handlers.o(i.__scatterload_zeroinit)
    i._printf_core                           0x08001c7c   Section        0  printf1.o(i._printf_core)
    _printf_core                             0x08001c7d   Thumb Code   336  printf1.o(i._printf_core)
    i.fputc                                  0x08001dd0   Section        0  main.o(i.fputc)
    i.main                                   0x08001de8   Section        0  main.o(i.main)
    i.osDelay                                0x08001e0a   Section        0  cmsis_os2.o(i.osDelay)
    i.osKernelInitialize                     0x08001e24   Section        0  cmsis_os2.o(i.osKernelInitialize)
    i.osKernelStart                          0x08001e48   Section        0  cmsis_os2.o(i.osKernelStart)
    i.osMessageQueueNew                      0x08001e80   Section        0  cmsis_os2.o(i.osMessageQueueNew)
    i.osThreadNew                            0x08001ed8   Section        0  cmsis_os2.o(i.osThreadNew)
    i.prvAddCurrentTaskToDelayedList         0x08001f60   Section        0  tasks.o(i.prvAddCurrentTaskToDelayedList)
    prvAddCurrentTaskToDelayedList           0x08001f61   Thumb Code    84  tasks.o(i.prvAddCurrentTaskToDelayedList)
    i.prvAddNewTaskToReadyList               0x08001fbc   Section        0  tasks.o(i.prvAddNewTaskToReadyList)
    prvAddNewTaskToReadyList                 0x08001fbd   Thumb Code   190  tasks.o(i.prvAddNewTaskToReadyList)
    i.prvCheckForValidListAndQueue           0x0800208c   Section        0  timers.o(i.prvCheckForValidListAndQueue)
    prvCheckForValidListAndQueue             0x0800208d   Thumb Code    72  timers.o(i.prvCheckForValidListAndQueue)
    i.prvCopyDataFromQueue                   0x080020e4   Section        0  queue.o(i.prvCopyDataFromQueue)
    prvCopyDataFromQueue                     0x080020e5   Thumb Code    38  queue.o(i.prvCopyDataFromQueue)
    i.prvCopyDataToQueue                     0x0800210a   Section        0  queue.o(i.prvCopyDataToQueue)
    prvCopyDataToQueue                       0x0800210b   Thumb Code   108  queue.o(i.prvCopyDataToQueue)
    i.prvDeleteTCB                           0x08002176   Section        0  tasks.o(i.prvDeleteTCB)
    prvDeleteTCB                             0x08002177   Thumb Code    52  tasks.o(i.prvDeleteTCB)
    i.prvHeapInit                            0x080021ac   Section        0  heap_4.o(i.prvHeapInit)
    prvHeapInit                              0x080021ad   Thumb Code    66  heap_4.o(i.prvHeapInit)
    i.prvIdleTask                            0x080021f8   Section        0  tasks.o(i.prvIdleTask)
    prvIdleTask                              0x080021f9   Thumb Code    82  tasks.o(i.prvIdleTask)
    i.prvInitialiseNewQueue                  0x08002258   Section        0  queue.o(i.prvInitialiseNewQueue)
    prvInitialiseNewQueue                    0x08002259   Thumb Code    34  queue.o(i.prvInitialiseNewQueue)
    i.prvInitialiseNewTask                   0x0800227c   Section        0  tasks.o(i.prvInitialiseNewTask)
    prvInitialiseNewTask                     0x0800227d   Thumb Code   176  tasks.o(i.prvInitialiseNewTask)
    i.prvInsertBlockIntoFreeList             0x0800232c   Section        0  heap_4.o(i.prvInsertBlockIntoFreeList)
    prvInsertBlockIntoFreeList               0x0800232d   Thumb Code    72  heap_4.o(i.prvInsertBlockIntoFreeList)
    i.prvInsertTimerInActiveList             0x08002378   Section        0  timers.o(i.prvInsertTimerInActiveList)
    prvInsertTimerInActiveList               0x08002379   Thumb Code    52  timers.o(i.prvInsertTimerInActiveList)
    i.prvIsQueueEmpty                        0x080023b0   Section        0  queue.o(i.prvIsQueueEmpty)
    prvIsQueueEmpty                          0x080023b1   Thumb Code    28  queue.o(i.prvIsQueueEmpty)
    i.prvProcessReceivedCommands             0x080023cc   Section        0  timers.o(i.prvProcessReceivedCommands)
    prvProcessReceivedCommands               0x080023cd   Thumb Code   248  timers.o(i.prvProcessReceivedCommands)
    i.prvProcessTimerOrBlockTask             0x080024c8   Section        0  timers.o(i.prvProcessTimerOrBlockTask)
    prvProcessTimerOrBlockTask               0x080024c9   Thumb Code   182  timers.o(i.prvProcessTimerOrBlockTask)
    i.prvResetNextTaskUnblockTime            0x08002588   Section        0  tasks.o(i.prvResetNextTaskUnblockTime)
    prvResetNextTaskUnblockTime              0x08002589   Thumb Code    26  tasks.o(i.prvResetNextTaskUnblockTime)
    i.prvSampleTimeNow                       0x080025a8   Section        0  timers.o(i.prvSampleTimeNow)
    prvSampleTimeNow                         0x080025a9   Thumb Code    36  timers.o(i.prvSampleTimeNow)
    i.prvSwitchTimerLists                    0x080025d0   Section        0  timers.o(i.prvSwitchTimerLists)
    prvSwitchTimerLists                      0x080025d1   Thumb Code   104  timers.o(i.prvSwitchTimerLists)
    i.prvTaskExitError                       0x0800263c   Section        0  port.o(i.prvTaskExitError)
    prvTaskExitError                         0x0800263d   Thumb Code    36  port.o(i.prvTaskExitError)
    i.prvTimerTask                           0x08002664   Section        0  timers.o(i.prvTimerTask)
    prvTimerTask                             0x08002665   Thumb Code    32  timers.o(i.prvTimerTask)
    i.prvUnlockQueue                         0x08002688   Section        0  queue.o(i.prvUnlockQueue)
    prvUnlockQueue                           0x08002689   Thumb Code   106  queue.o(i.prvUnlockQueue)
    i.pvPortMalloc                           0x080026f4   Section        0  heap_4.o(i.pvPortMalloc)
    i.pxPortInitialiseStack                  0x080027d0   Section        0  port.o(i.pxPortInitialiseStack)
    i.uxListRemove                           0x080027fc   Section        0  list.o(i.uxListRemove)
    i.uxQueueMessagesWaiting                 0x08002822   Section        0  queue.o(i.uxQueueMessagesWaiting)
    i.uxQueueSpacesAvailable                 0x08002846   Section        0  queue.o(i.uxQueueSpacesAvailable)
    i.vApplicationGetIdleTaskMemory          0x08002870   Section        0  cmsis_os2.o(i.vApplicationGetIdleTaskMemory)
    i.vApplicationGetTimerTaskMemory         0x08002884   Section        0  cmsis_os2.o(i.vApplicationGetTimerTaskMemory)
    i.vListInitialise                        0x0800289c   Section        0  list.o(i.vListInitialise)
    i.vListInitialiseItem                    0x080028b2   Section        0  list.o(i.vListInitialiseItem)
    i.vListInsert                            0x080028b8   Section        0  list.o(i.vListInsert)
    i.vListInsertEnd                         0x080028e8   Section        0  list.o(i.vListInsertEnd)
    i.vPortEnterCritical                     0x08002900   Section        0  port.o(i.vPortEnterCritical)
    i.vPortExitCritical                      0x08002940   Section        0  port.o(i.vPortExitCritical)
    i.vPortFree                              0x08002968   Section        0  heap_4.o(i.vPortFree)
    i.vPortSetupTimerInterrupt               0x080029cc   Section        0  port.o(i.vPortSetupTimerInterrupt)
    i.vPortValidateInterruptPriority         0x080029f0   Section        0  port.o(i.vPortValidateInterruptPriority)
    i.vQueueAddToRegistry                    0x08002a44   Section        0  queue.o(i.vQueueAddToRegistry)
    i.vQueueWaitForMessageRestricted         0x08002a6c   Section        0  queue.o(i.vQueueWaitForMessageRestricted)
    i.vTaskDelay                             0x08002ab0   Section        0  tasks.o(i.vTaskDelay)
    i.vTaskInternalSetTimeOutState           0x08002afc   Section        0  tasks.o(i.vTaskInternalSetTimeOutState)
    i.vTaskMissedYield                       0x08002b0c   Section        0  tasks.o(i.vTaskMissedYield)
    i.vTaskPlaceOnEventList                  0x08002b18   Section        0  tasks.o(i.vTaskPlaceOnEventList)
    i.vTaskPlaceOnEventListRestricted        0x08002b48   Section        0  tasks.o(i.vTaskPlaceOnEventListRestricted)
    i.vTaskStartScheduler                    0x08002b80   Section        0  tasks.o(i.vTaskStartScheduler)
    i.vTaskSuspendAll                        0x08002c08   Section        0  tasks.o(i.vTaskSuspendAll)
    i.vTaskSwitchContext                     0x08002c18   Section        0  tasks.o(i.vTaskSwitchContext)
    i.xPortStartScheduler                    0x08002c7c   Section        0  port.o(i.xPortStartScheduler)
    i.xPortSysTickHandler                    0x08002d70   Section        0  port.o(i.xPortSysTickHandler)
    i.xQueueGenericCreate                    0x08002d9c   Section        0  queue.o(i.xQueueGenericCreate)
    i.xQueueGenericCreateStatic              0x08002dde   Section        0  queue.o(i.xQueueGenericCreateStatic)
    i.xQueueGenericReset                     0x08002e44   Section        0  queue.o(i.xQueueGenericReset)
    i.xQueueGenericSend                      0x08002ecc   Section        0  queue.o(i.xQueueGenericSend)
    i.xQueueGenericSendFromISR               0x0800302c   Section        0  queue.o(i.xQueueGenericSendFromISR)
    i.xQueueReceive                          0x080030ec   Section        0  queue.o(i.xQueueReceive)
    i.xTaskCheckForTimeOut                   0x08003224   Section        0  tasks.o(i.xTaskCheckForTimeOut)
    i.xTaskCreate                            0x08003298   Section        0  tasks.o(i.xTaskCreate)
    i.xTaskCreateStatic                      0x080032f2   Section        0  tasks.o(i.xTaskCreateStatic)
    i.xTaskGetSchedulerState                 0x08003348   Section        0  tasks.o(i.xTaskGetSchedulerState)
    i.xTaskGetTickCount                      0x08003364   Section        0  tasks.o(i.xTaskGetTickCount)
    i.xTaskIncrementTick                     0x08003370   Section        0  tasks.o(i.xTaskIncrementTick)
    i.xTaskPriorityDisinherit                0x08003438   Section        0  tasks.o(i.xTaskPriorityDisinherit)
    i.xTaskRemoveFromEventList               0x080034b8   Section        0  tasks.o(i.xTaskRemoveFromEventList)
    i.xTaskResumeAll                         0x08003528   Section        0  tasks.o(i.xTaskResumeAll)
    i.xTimerCreateTimerTask                  0x080035ec   Section        0  timers.o(i.xTimerCreateTimerTask)
    i.xTimerGenericCommand                   0x0800364c   Section        0  timers.o(i.xTimerGenericCommand)
    .constdata                               0x080036b4   Section       96  freertos.o(.constdata)
    .constdata                               0x08003714   Section       16  system_stm32f4xx.o(.constdata)
    .constdata                               0x08003724   Section        8  system_stm32f4xx.o(.constdata)
    .conststring                             0x0800372c   Section       37  freertos.o(.conststring)
    .data                                    0x20000000   Section       12  freertos.o(.data)
    .data                                    0x2000000c   Section       12  stm32f4xx_hal.o(.data)
    .data                                    0x20000018   Section        4  system_stm32f4xx.o(.data)
    .data                                    0x2000001c   Section       60  tasks.o(.data)
    uxDeletedTasksWaitingCleanUp             0x20000020   Data           4  tasks.o(.data)
    uxCurrentNumberOfTasks                   0x20000024   Data           4  tasks.o(.data)
    xTickCount                               0x20000028   Data           4  tasks.o(.data)
    uxTopReadyPriority                       0x2000002c   Data           4  tasks.o(.data)
    xSchedulerRunning                        0x20000030   Data           4  tasks.o(.data)
    xPendedTicks                             0x20000034   Data           4  tasks.o(.data)
    xYieldPending                            0x20000038   Data           4  tasks.o(.data)
    xNumOfOverflows                          0x2000003c   Data           4  tasks.o(.data)
    uxTaskNumber                             0x20000040   Data           4  tasks.o(.data)
    xNextTaskUnblockTime                     0x20000044   Data           4  tasks.o(.data)
    xIdleTaskHandle                          0x20000048   Data           4  tasks.o(.data)
    uxSchedulerSuspended                     0x2000004c   Data           4  tasks.o(.data)
    pxDelayedTaskList                        0x20000050   Data           4  tasks.o(.data)
    pxOverflowDelayedTaskList                0x20000054   Data           4  tasks.o(.data)
    .data                                    0x20000058   Section       20  timers.o(.data)
    xTimerQueue                              0x20000058   Data           4  timers.o(.data)
    xTimerTaskHandle                         0x2000005c   Data           4  timers.o(.data)
    xLastTime                                0x20000060   Data           4  timers.o(.data)
    pxCurrentTimerList                       0x20000064   Data           4  timers.o(.data)
    pxOverflowTimerList                      0x20000068   Data           4  timers.o(.data)
    .data                                    0x2000006c   Section        4  cmsis_os2.o(.data)
    KernelState                              0x2000006c   Data           4  cmsis_os2.o(.data)
    .data                                    0x20000070   Section       32  heap_4.o(.data)
    pxEnd                                    0x20000070   Data           4  heap_4.o(.data)
    xFreeBytesRemaining                      0x20000074   Data           4  heap_4.o(.data)
    xMinimumEverFreeBytesRemaining           0x20000078   Data           4  heap_4.o(.data)
    xNumberOfSuccessfulAllocations           0x2000007c   Data           4  heap_4.o(.data)
    xNumberOfSuccessfulFrees                 0x20000080   Data           4  heap_4.o(.data)
    xBlockAllocatedBit                       0x20000084   Data           4  heap_4.o(.data)
    xStart                                   0x20000088   Data           8  heap_4.o(.data)
    .data                                    0x20000090   Section       12  port.o(.data)
    ucMaxSysCallPriority                     0x20000090   Data           1  port.o(.data)
    uxCriticalNesting                        0x20000094   Data           4  port.o(.data)
    ulMaxPRIGROUPValue                       0x20000098   Data           4  port.o(.data)
    .data                                    0x2000009c   Section        4  stdout.o(.data)
    .bss                                     0x200000a0   Section       32  rtc.o(.bss)
    .bss                                     0x200000c0   Section       72  usart.o(.bss)
    .bss                                     0x20000108   Section       72  stm32f4xx_hal_timebase_tim.o(.bss)
    .bss                                     0x20000150   Section       64  queue.o(.bss)
    .bss                                     0x20000190   Section     1220  tasks.o(.bss)
    pxReadyTasksLists                        0x20000190   Data        1120  tasks.o(.bss)
    xDelayedTaskList1                        0x200005f0   Data          20  tasks.o(.bss)
    xDelayedTaskList2                        0x20000604   Data          20  tasks.o(.bss)
    xPendingReadyList                        0x20000618   Data          20  tasks.o(.bss)
    xTasksWaitingTermination                 0x2000062c   Data          20  tasks.o(.bss)
    xSuspendedTaskList                       0x20000640   Data          20  tasks.o(.bss)
    .bss                                     0x20000654   Section      280  timers.o(.bss)
    xStaticTimerQueue                        0x20000654   Data          80  timers.o(.bss)
    ucStaticTimerQueueStorage                0x200006a4   Data         160  timers.o(.bss)
    xActiveTimerList1                        0x20000744   Data          20  timers.o(.bss)
    xActiveTimerList2                        0x20000758   Data          20  timers.o(.bss)
    .bss                                     0x2000076c   Section     1720  cmsis_os2.o(.bss)
    Idle_TCB                                 0x2000076c   Data          92  cmsis_os2.o(.bss)
    Idle_Stack                               0x200007c8   Data         512  cmsis_os2.o(.bss)
    Timer_TCB                                0x200009c8   Data          92  cmsis_os2.o(.bss)
    Timer_Stack                              0x20000a24   Data        1024  cmsis_os2.o(.bss)
    .bss                                     0x20000e24   Section    15360  heap_4.o(.bss)
    ucHeap                                   0x20000e24   Data       15360  heap_4.o(.bss)
    STACK                                    0x20004a28   Section     1024  startup_stm32f407xx.o(STACK)

    Global Symbols

    Symbol Name                              Value     Ov Type        Size  Object(Section)

    BuildAttributes$$THM_ISAv4$E$P$D$K$B$S$7EM$VFPi3$EXTD16$VFPS$VFMA$PE$A:L22UL41UL21$X:L11$S22US41US21$IEEE1$IW$USESV6$~STKCKD$USESV7$~SHL$OSPACE$ROPI$EBA8$MICROLIB$REQ8$PRES8$EABIv2 0x00000000   Number         0  anon$$obj.o ABSOLUTE
    __ARM_use_no_argv                        0x00000000   Number         0  main.o ABSOLUTE
    _printf_a                                0x00000000   Number         0  stubs.o ABSOLUTE
    _printf_c                                0x00000000   Number         0  stubs.o ABSOLUTE
    _printf_charcount                        0x00000000   Number         0  stubs.o ABSOLUTE
    _printf_d                                0x00000000   Number         0  stubs.o ABSOLUTE
    _printf_e                                0x00000000   Number         0  stubs.o ABSOLUTE
    _printf_f                                0x00000000   Number         0  stubs.o ABSOLUTE
    _printf_flags                            0x00000000   Number         0  stubs.o ABSOLUTE
    _printf_fp_dec                           0x00000000   Number         0  stubs.o ABSOLUTE
    _printf_fp_hex                           0x00000000   Number         0  stubs.o ABSOLUTE
    _printf_g                                0x00000000   Number         0  stubs.o ABSOLUTE
    _printf_i                                0x00000000   Number         0  stubs.o ABSOLUTE
    _printf_int_dec                          0x00000000   Number         0  stubs.o ABSOLUTE
    _printf_l                                0x00000000   Number         0  stubs.o ABSOLUTE
    _printf_lc                               0x00000000   Number         0  stubs.o ABSOLUTE
    _printf_ll                               0x00000000   Number         0  stubs.o ABSOLUTE
    _printf_lld                              0x00000000   Number         0  stubs.o ABSOLUTE
    _printf_lli                              0x00000000   Number         0  stubs.o ABSOLUTE
    _printf_llo                              0x00000000   Number         0  stubs.o ABSOLUTE
    _printf_llu                              0x00000000   Number         0  stubs.o ABSOLUTE
    _printf_llx                              0x00000000   Number         0  stubs.o ABSOLUTE
    _printf_longlong_dec                     0x00000000   Number         0  stubs.o ABSOLUTE
    _printf_longlong_hex                     0x00000000   Number         0  stubs.o ABSOLUTE
    _printf_longlong_oct                     0x00000000   Number         0  stubs.o ABSOLUTE
    _printf_ls                               0x00000000   Number         0  stubs.o ABSOLUTE
    _printf_mbtowc                           0x00000000   Number         0  stubs.o ABSOLUTE
    _printf_n                                0x00000000   Number         0  stubs.o ABSOLUTE
    _printf_o                                0x00000000   Number         0  stubs.o ABSOLUTE
    _printf_p                                0x00000000   Number         0  stubs.o ABSOLUTE
    _printf_percent                          0x00000000   Number         0  stubs.o ABSOLUTE
    _printf_pre_padding                      0x00000000   Number         0  stubs.o ABSOLUTE
    _printf_return_value                     0x00000000   Number         0  stubs.o ABSOLUTE
    _printf_s                                0x00000000   Number         0  stubs.o ABSOLUTE
    _printf_sizespec                         0x00000000   Number         0  stubs.o ABSOLUTE
    _printf_str                              0x00000000   Number         0  stubs.o ABSOLUTE
    _printf_truncate_signed                  0x00000000   Number         0  stubs.o ABSOLUTE
    _printf_truncate_unsigned                0x00000000   Number         0  stubs.o ABSOLUTE
    _printf_u                                0x00000000   Number         0  stubs.o ABSOLUTE
    _printf_wc                               0x00000000   Number         0  stubs.o ABSOLUTE
    _printf_wctomb                           0x00000000   Number         0  stubs.o ABSOLUTE
    _printf_widthprec                        0x00000000   Number         0  stubs.o ABSOLUTE
    _printf_x                                0x00000000   Number         0  stubs.o ABSOLUTE
    __cpp_initialize__aeabi_                  - Undefined Weak Reference
    __cxa_finalize                            - Undefined Weak Reference
    __decompress                              - Undefined Weak Reference
    _clock_init                               - Undefined Weak Reference
    _microlib_exit                            - Undefined Weak Reference
    __Vectors_Size                           0x00000188   Number         0  startup_stm32f407xx.o ABSOLUTE
    __Vectors                                0x08000000   Data           4  startup_stm32f407xx.o(RESET)
    __Vectors_End                            0x08000188   Data           0  startup_stm32f407xx.o(RESET)
    __main                                   0x08000189   Thumb Code     0  entry.o(.ARM.Collect$$$$00000000)
    _main_stk                                0x08000189   Thumb Code     0  entry2.o(.ARM.Collect$$$$00000001)
    _main_scatterload                        0x0800018d   Thumb Code     0  entry5.o(.ARM.Collect$$$$00000004)
    __main_after_scatterload                 0x08000191   Thumb Code     0  entry5.o(.ARM.Collect$$$$00000004)
    _main_clock                              0x08000191   Thumb Code     0  entry7b.o(.ARM.Collect$$$$00000008)
    _main_cpp_init                           0x08000191   Thumb Code     0  entry8b.o(.ARM.Collect$$$$0000000A)
    _main_init                               0x08000191   Thumb Code     0  entry9a.o(.ARM.Collect$$$$0000000B)
    __rt_final_cpp                           0x08000199   Thumb Code     0  entry10a.o(.ARM.Collect$$$$0000000D)
    __rt_final_exit                          0x08000199   Thumb Code     0  entry11a.o(.ARM.Collect$$$$0000000F)
    SVC_Handler                              0x0800019d   Thumb Code    28  port.o(.emb_text)
    __asm___6_port_c_39a90d8d__prvStartFirstTask 0x080001bd   Thumb Code    36  port.o(.emb_text)
    __asm___6_port_c_39a90d8d__prvEnableVFP  0x080001e5   Thumb Code    16  port.o(.emb_text)
    PendSV_Handler                           0x080001f9   Thumb Code    88  port.o(.emb_text)
    vPortGetIPSR                             0x08000255   Thumb Code     6  port.o(.emb_text)
    Reset_Handler                            0x0800025d   Thumb Code     8  startup_stm32f407xx.o(.text)
    ADC_IRQHandler                           0x08000277   Thumb Code     0  startup_stm32f407xx.o(.text)
    CAN1_RX0_IRQHandler                      0x08000277   Thumb Code     0  startup_stm32f407xx.o(.text)
    CAN1_RX1_IRQHandler                      0x08000277   Thumb Code     0  startup_stm32f407xx.o(.text)
    CAN1_SCE_IRQHandler                      0x08000277   Thumb Code     0  startup_stm32f407xx.o(.text)
    CAN1_TX_IRQHandler                       0x08000277   Thumb Code     0  startup_stm32f407xx.o(.text)
    CAN2_RX0_IRQHandler                      0x08000277   Thumb Code     0  startup_stm32f407xx.o(.text)
    CAN2_RX1_IRQHandler                      0x08000277   Thumb Code     0  startup_stm32f407xx.o(.text)
    CAN2_SCE_IRQHandler                      0x08000277   Thumb Code     0  startup_stm32f407xx.o(.text)
    CAN2_TX_IRQHandler                       0x08000277   Thumb Code     0  startup_stm32f407xx.o(.text)
    DCMI_IRQHandler                          0x08000277   Thumb Code     0  startup_stm32f407xx.o(.text)
    DMA1_Stream0_IRQHandler                  0x08000277   Thumb Code     0  startup_stm32f407xx.o(.text)
    DMA1_Stream1_IRQHandler                  0x08000277   Thumb Code     0  startup_stm32f407xx.o(.text)
    DMA1_Stream2_IRQHandler                  0x08000277   Thumb Code     0  startup_stm32f407xx.o(.text)
    DMA1_Stream3_IRQHandler                  0x08000277   Thumb Code     0  startup_stm32f407xx.o(.text)
    DMA1_Stream4_IRQHandler                  0x08000277   Thumb Code     0  startup_stm32f407xx.o(.text)
    DMA1_Stream5_IRQHandler                  0x08000277   Thumb Code     0  startup_stm32f407xx.o(.text)
    DMA1_Stream6_IRQHandler                  0x08000277   Thumb Code     0  startup_stm32f407xx.o(.text)
    DMA1_Stream7_IRQHandler                  0x08000277   Thumb Code     0  startup_stm32f407xx.o(.text)
    DMA2_Stream0_IRQHandler                  0x08000277   Thumb Code     0  startup_stm32f407xx.o(.text)
    DMA2_Stream1_IRQHandler                  0x08000277   Thumb Code     0  startup_stm32f407xx.o(.text)
    DMA2_Stream2_IRQHandler                  0x08000277   Thumb Code     0  startup_stm32f407xx.o(.text)
    DMA2_Stream3_IRQHandler                  0x08000277   Thumb Code     0  startup_stm32f407xx.o(.text)
    DMA2_Stream4_IRQHandler                  0x08000277   Thumb Code     0  startup_stm32f407xx.o(.text)
    DMA2_Stream5_IRQHandler                  0x08000277   Thumb Code     0  startup_stm32f407xx.o(.text)
    DMA2_Stream6_IRQHandler                  0x08000277   Thumb Code     0  startup_stm32f407xx.o(.text)
    DMA2_Stream7_IRQHandler                  0x08000277   Thumb Code     0  startup_stm32f407xx.o(.text)
    ETH_IRQHandler                           0x08000277   Thumb Code     0  startup_stm32f407xx.o(.text)
    ETH_WKUP_IRQHandler                      0x08000277   Thumb Code     0  startup_stm32f407xx.o(.text)
    EXTI0_IRQHandler                         0x08000277   Thumb Code     0  startup_stm32f407xx.o(.text)
    EXTI15_10_IRQHandler                     0x08000277   Thumb Code     0  startup_stm32f407xx.o(.text)
    EXTI1_IRQHandler                         0x08000277   Thumb Code     0  startup_stm32f407xx.o(.text)
    EXTI2_IRQHandler                         0x08000277   Thumb Code     0  startup_stm32f407xx.o(.text)
    EXTI3_IRQHandler                         0x08000277   Thumb Code     0  startup_stm32f407xx.o(.text)
    EXTI4_IRQHandler                         0x08000277   Thumb Code     0  startup_stm32f407xx.o(.text)
    EXTI9_5_IRQHandler                       0x08000277   Thumb Code     0  startup_stm32f407xx.o(.text)
    FLASH_IRQHandler                         0x08000277   Thumb Code     0  startup_stm32f407xx.o(.text)
    FMC_IRQHandler                           0x08000277   Thumb Code     0  startup_stm32f407xx.o(.text)
    FPU_IRQHandler                           0x08000277   Thumb Code     0  startup_stm32f407xx.o(.text)
    HASH_RNG_IRQHandler                      0x08000277   Thumb Code     0  startup_stm32f407xx.o(.text)
    I2C1_ER_IRQHandler                       0x08000277   Thumb Code     0  startup_stm32f407xx.o(.text)
    I2C1_EV_IRQHandler                       0x08000277   Thumb Code     0  startup_stm32f407xx.o(.text)
    I2C2_ER_IRQHandler                       0x08000277   Thumb Code     0  startup_stm32f407xx.o(.text)
    I2C2_EV_IRQHandler                       0x08000277   Thumb Code     0  startup_stm32f407xx.o(.text)
    I2C3_ER_IRQHandler                       0x08000277   Thumb Code     0  startup_stm32f407xx.o(.text)
    I2C3_EV_IRQHandler                       0x08000277   Thumb Code     0  startup_stm32f407xx.o(.text)
    OTG_FS_IRQHandler                        0x08000277   Thumb Code     0  startup_stm32f407xx.o(.text)
    OTG_FS_WKUP_IRQHandler                   0x08000277   Thumb Code     0  startup_stm32f407xx.o(.text)
    OTG_HS_EP1_IN_IRQHandler                 0x08000277   Thumb Code     0  startup_stm32f407xx.o(.text)
    OTG_HS_EP1_OUT_IRQHandler                0x08000277   Thumb Code     0  startup_stm32f407xx.o(.text)
    OTG_HS_IRQHandler                        0x08000277   Thumb Code     0  startup_stm32f407xx.o(.text)
    OTG_HS_WKUP_IRQHandler                   0x08000277   Thumb Code     0  startup_stm32f407xx.o(.text)
    PVD_IRQHandler                           0x08000277   Thumb Code     0  startup_stm32f407xx.o(.text)
    RCC_IRQHandler                           0x08000277   Thumb Code     0  startup_stm32f407xx.o(.text)
    RTC_Alarm_IRQHandler                     0x08000277   Thumb Code     0  startup_stm32f407xx.o(.text)
    SDIO_IRQHandler                          0x08000277   Thumb Code     0  startup_stm32f407xx.o(.text)
    SPI1_IRQHandler                          0x08000277   Thumb Code     0  startup_stm32f407xx.o(.text)
    SPI2_IRQHandler                          0x08000277   Thumb Code     0  startup_stm32f407xx.o(.text)
    SPI3_IRQHandler                          0x08000277   Thumb Code     0  startup_stm32f407xx.o(.text)
    TAMP_STAMP_IRQHandler                    0x08000277   Thumb Code     0  startup_stm32f407xx.o(.text)
    TIM1_BRK_TIM9_IRQHandler                 0x08000277   Thumb Code     0  startup_stm32f407xx.o(.text)
    TIM1_CC_IRQHandler                       0x08000277   Thumb Code     0  startup_stm32f407xx.o(.text)
    TIM1_TRG_COM_TIM11_IRQHandler            0x08000277   Thumb Code     0  startup_stm32f407xx.o(.text)
    TIM1_UP_TIM10_IRQHandler                 0x08000277   Thumb Code     0  startup_stm32f407xx.o(.text)
    TIM2_IRQHandler                          0x08000277   Thumb Code     0  startup_stm32f407xx.o(.text)
    TIM3_IRQHandler                          0x08000277   Thumb Code     0  startup_stm32f407xx.o(.text)
    TIM4_IRQHandler                          0x08000277   Thumb Code     0  startup_stm32f407xx.o(.text)
    TIM5_IRQHandler                          0x08000277   Thumb Code     0  startup_stm32f407xx.o(.text)
    TIM7_IRQHandler                          0x08000277   Thumb Code     0  startup_stm32f407xx.o(.text)
    TIM8_BRK_TIM12_IRQHandler                0x08000277   Thumb Code     0  startup_stm32f407xx.o(.text)
    TIM8_CC_IRQHandler                       0x08000277   Thumb Code     0  startup_stm32f407xx.o(.text)
    TIM8_TRG_COM_TIM14_IRQHandler            0x08000277   Thumb Code     0  startup_stm32f407xx.o(.text)
    TIM8_UP_TIM13_IRQHandler                 0x08000277   Thumb Code     0  startup_stm32f407xx.o(.text)
    UART4_IRQHandler                         0x08000277   Thumb Code     0  startup_stm32f407xx.o(.text)
    UART5_IRQHandler                         0x08000277   Thumb Code     0  startup_stm32f407xx.o(.text)
    USART1_IRQHandler                        0x08000277   Thumb Code     0  startup_stm32f407xx.o(.text)
    USART2_IRQHandler                        0x08000277   Thumb Code     0  startup_stm32f407xx.o(.text)
    USART3_IRQHandler                        0x08000277   Thumb Code     0  startup_stm32f407xx.o(.text)
    USART6_IRQHandler                        0x08000277   Thumb Code     0  startup_stm32f407xx.o(.text)
    WWDG_IRQHandler                          0x08000277   Thumb Code     0  startup_stm32f407xx.o(.text)
    __aeabi_uldivmod                         0x08000281   Thumb Code    98  uldiv.o(.text)
    __aeabi_memcpy                           0x080002e3   Thumb Code    36  memcpya.o(.text)
    __aeabi_memcpy4                          0x080002e3   Thumb Code     0  memcpya.o(.text)
    __aeabi_memcpy8                          0x080002e3   Thumb Code     0  memcpya.o(.text)
    __aeabi_memset                           0x08000307   Thumb Code    14  memseta.o(.text)
    __aeabi_memset4                          0x08000307   Thumb Code     0  memseta.o(.text)
    __aeabi_memset8                          0x08000307   Thumb Code     0  memseta.o(.text)
    __aeabi_memclr                           0x08000315   Thumb Code     4  memseta.o(.text)
    __aeabi_memclr4                          0x08000315   Thumb Code     0  memseta.o(.text)
    __aeabi_memclr8                          0x08000315   Thumb Code     0  memseta.o(.text)
    memset                                   0x08000319   Thumb Code    18  memseta.o(.text)
    __aeabi_uidiv                            0x0800032b   Thumb Code     0  uidiv.o(.text)
    __aeabi_uidivmod                         0x0800032b   Thumb Code    44  uidiv.o(.text)
    __aeabi_llsl                             0x08000357   Thumb Code    30  llshl.o(.text)
    _ll_shift_l                              0x08000357   Thumb Code     0  llshl.o(.text)
    __aeabi_llsr                             0x08000375   Thumb Code    32  llushr.o(.text)
    _ll_ushift_r                             0x08000375   Thumb Code     0  llushr.o(.text)
    __scatterload                            0x08000395   Thumb Code    28  init.o(.text)
    __scatterload_rt2                        0x08000395   Thumb Code     0  init.o(.text)
    BusFault_Handler                         0x080003b9   Thumb Code     2  stm32f4xx_it.o(i.BusFault_Handler)
    DebugMon_Handler                         0x080003bb   Thumb Code     2  stm32f4xx_it.o(i.DebugMon_Handler)
    Error_Handler                            0x080003bd   Thumb Code     4  main.o(i.Error_Handler)
    HAL_GPIO_Init                            0x080003c1   Thumb Code   450  stm32f4xx_hal_gpio.o(i.HAL_GPIO_Init)
    HAL_GPIO_ReadPin                         0x080005b1   Thumb Code    10  stm32f4xx_hal_gpio.o(i.HAL_GPIO_ReadPin)
    HAL_GetTick                              0x080005bd   Thumb Code     6  stm32f4xx_hal.o(i.HAL_GetTick)
    HAL_IncTick                              0x080005c9   Thumb Code    12  stm32f4xx_hal.o(i.HAL_IncTick)
    HAL_Init                                 0x080005d9   Thumb Code    48  stm32f4xx_hal.o(i.HAL_Init)
    HAL_InitTick                             0x0800060d   Thumb Code   132  stm32f4xx_hal_timebase_tim.o(i.HAL_InitTick)
    HAL_MspInit                              0x080006a5   Thumb Code    52  stm32f4xx_hal_msp.o(i.HAL_MspInit)
    HAL_NVIC_EnableIRQ                       0x080006dd   Thumb Code    26  stm32f4xx_hal_cortex.o(i.HAL_NVIC_EnableIRQ)
    HAL_NVIC_SetPriority                     0x080006f9   Thumb Code    60  stm32f4xx_hal_cortex.o(i.HAL_NVIC_SetPriority)
    HAL_NVIC_SetPriorityGrouping             0x08000739   Thumb Code    26  stm32f4xx_hal_cortex.o(i.HAL_NVIC_SetPriorityGrouping)
    HAL_RCCEx_PeriphCLKConfig                0x0800075d   Thumb Code   296  stm32f4xx_hal_rcc_ex.o(i.HAL_RCCEx_PeriphCLKConfig)
    HAL_RCC_ClockConfig                      0x08000899   Thumb Code   288  stm32f4xx_hal_rcc.o(i.HAL_RCC_ClockConfig)
    HAL_RCC_GetClockConfig                   0x080009cd   Thumb Code    54  stm32f4xx_hal_rcc.o(i.HAL_RCC_GetClockConfig)
    HAL_RCC_GetPCLK1Freq                     0x08000a0d   Thumb Code    20  stm32f4xx_hal_rcc.o(i.HAL_RCC_GetPCLK1Freq)
    HAL_RCC_GetPCLK2Freq                     0x08000a2d   Thumb Code    20  stm32f4xx_hal_rcc.o(i.HAL_RCC_GetPCLK2Freq)
    HAL_RCC_GetSysClockFreq                  0x08000a4d   Thumb Code    88  stm32f4xx_hal_rcc.o(i.HAL_RCC_GetSysClockFreq)
    HAL_RCC_OscConfig                        0x08000aad   Thumb Code   856  stm32f4xx_hal_rcc.o(i.HAL_RCC_OscConfig)
    HAL_RTCEx_SetWakeUpTimer_IT              0x08000e19   Thumb Code   250  stm32f4xx_hal_rtc_ex.o(i.HAL_RTCEx_SetWakeUpTimer_IT)
    HAL_RTCEx_WakeUpTimerEventCallback       0x08000f1d   Thumb Code    46  freertos.o(i.HAL_RTCEx_WakeUpTimerEventCallback)
    HAL_RTCEx_WakeUpTimerIRQHandler          0x08000f55   Thumb Code    44  stm32f4xx_hal_rtc_ex.o(i.HAL_RTCEx_WakeUpTimerIRQHandler)
    HAL_RTC_Init                             0x08000f85   Thumb Code   150  stm32f4xx_hal_rtc.o(i.HAL_RTC_Init)
    HAL_RTC_MspInit                          0x08001021   Thumb Code    64  rtc.o(i.HAL_RTC_MspInit)
    HAL_RTC_SetDate                          0x08001069   Thumb Code   146  stm32f4xx_hal_rtc.o(i.HAL_RTC_SetDate)
    HAL_RTC_SetTime                          0x08001101   Thumb Code   186  stm32f4xx_hal_rtc.o(i.HAL_RTC_SetTime)
    HAL_RTC_WaitForSynchro                   0x080011c1   Thumb Code    50  stm32f4xx_hal_rtc.o(i.HAL_RTC_WaitForSynchro)
    HAL_TIMEx_BreakCallback                  0x080011f9   Thumb Code     2  stm32f4xx_hal_tim_ex.o(i.HAL_TIMEx_BreakCallback)
    HAL_TIMEx_CommutCallback                 0x080011fb   Thumb Code     2  stm32f4xx_hal_tim_ex.o(i.HAL_TIMEx_CommutCallback)
    HAL_TIM_Base_Init                        0x080011fd   Thumb Code    90  stm32f4xx_hal_tim.o(i.HAL_TIM_Base_Init)
    HAL_TIM_Base_MspInit                     0x08001257   Thumb Code     2  stm32f4xx_hal_tim.o(i.HAL_TIM_Base_MspInit)
    HAL_TIM_Base_Start_IT                    0x08001259   Thumb Code   100  stm32f4xx_hal_tim.o(i.HAL_TIM_Base_Start_IT)
    HAL_TIM_IC_CaptureCallback               0x080012d9   Thumb Code     2  stm32f4xx_hal_tim.o(i.HAL_TIM_IC_CaptureCallback)
    HAL_TIM_IRQHandler                       0x080012db   Thumb Code   304  stm32f4xx_hal_tim.o(i.HAL_TIM_IRQHandler)
    HAL_TIM_OC_DelayElapsedCallback          0x0800140b   Thumb Code     2  stm32f4xx_hal_tim.o(i.HAL_TIM_OC_DelayElapsedCallback)
    HAL_TIM_PWM_PulseFinishedCallback        0x0800140d   Thumb Code     2  stm32f4xx_hal_tim.o(i.HAL_TIM_PWM_PulseFinishedCallback)
    HAL_TIM_PeriodElapsedCallback            0x08001411   Thumb Code    14  main.o(i.HAL_TIM_PeriodElapsedCallback)
    HAL_TIM_TriggerCallback                  0x08001425   Thumb Code     2  stm32f4xx_hal_tim.o(i.HAL_TIM_TriggerCallback)
    HAL_UART_Init                            0x08001427   Thumb Code   100  stm32f4xx_hal_uart.o(i.HAL_UART_Init)
    HAL_UART_MspInit                         0x0800148d   Thumb Code    94  usart.o(i.HAL_UART_MspInit)
    HAL_UART_Transmit                        0x080014f9   Thumb Code   160  stm32f4xx_hal_uart.o(i.HAL_UART_Transmit)
    HardFault_Handler                        0x08001599   Thumb Code     2  stm32f4xx_it.o(i.HardFault_Handler)
    MX_FREERTOS_Init                         0x0800159d   Thumb Code    46  freertos.o(i.MX_FREERTOS_Init)
    MX_GPIO_Init                             0x080015dd   Thumb Code   102  gpio.o(i.MX_GPIO_Init)
    MX_RTC_Init                              0x0800164d   Thumb Code   136  rtc.o(i.MX_RTC_Init)
    MX_USART1_UART_Init                      0x080016dd   Thumb Code    48  usart.o(i.MX_USART1_UART_Init)
    MemManage_Handler                        0x08001715   Thumb Code     2  stm32f4xx_it.o(i.MemManage_Handler)
    NMI_Handler                              0x08001717   Thumb Code     2  stm32f4xx_it.o(i.NMI_Handler)
    RTC_ByteToBcd2                           0x08001719   Thumb Code    22  stm32f4xx_hal_rtc.o(i.RTC_ByteToBcd2)
    RTC_EnterInitMode                        0x08001731   Thumb Code    72  stm32f4xx_hal_rtc.o(i.RTC_EnterInitMode)
    RTC_ExitInitMode                         0x08001779   Thumb Code    42  stm32f4xx_hal_rtc.o(i.RTC_ExitInitMode)
    RTC_WKUP_IRQHandler                      0x080017a5   Thumb Code     6  stm32f4xx_it.o(i.RTC_WKUP_IRQHandler)
    SysTick_Handler                          0x080017b1   Thumb Code    26  cmsis_os2.o(i.SysTick_Handler)
    SystemClock_Config                       0x080017cd   Thumb Code   144  main.o(i.SystemClock_Config)
    SystemInit                               0x08001865   Thumb Code    12  system_stm32f4xx.o(i.SystemInit)
    TASK_RECEIVE                             0x08001875   Thumb Code    62  freertos.o(i.TASK_RECEIVE)
    TASK_SEND                                0x080018e9   Thumb Code   118  freertos.o(i.TASK_SEND)
    TIM6_DAC_IRQHandler                      0x08001969   Thumb Code     6  stm32f4xx_it.o(i.TIM6_DAC_IRQHandler)
    TIM_Base_SetConfig                       0x08001975   Thumb Code   170  stm32f4xx_hal_tim.o(i.TIM_Base_SetConfig)
    UsageFault_Handler                       0x08001c1b   Thumb Code     2  stm32f4xx_it.o(i.UsageFault_Handler)
    __0printf$1                              0x08001c1d   Thumb Code    22  printf1.o(i.__0printf$1)
    __1printf$1                              0x08001c1d   Thumb Code     0  printf1.o(i.__0printf$1)
    __2printf                                0x08001c1d   Thumb Code     0  printf1.o(i.__0printf$1)
    __scatterload_copy                       0x08001c5d   Thumb Code    14  handlers.o(i.__scatterload_copy)
    __scatterload_null                       0x08001c6b   Thumb Code     2  handlers.o(i.__scatterload_null)
    __scatterload_zeroinit                   0x08001c6d   Thumb Code    14  handlers.o(i.__scatterload_zeroinit)
    fputc                                    0x08001dd1   Thumb Code    20  main.o(i.fputc)
    main                                     0x08001de9   Thumb Code    34  main.o(i.main)
    osDelay                                  0x08001e0b   Thumb Code    26  cmsis_os2.o(i.osDelay)
    osKernelInitialize                       0x08001e25   Thumb Code    32  cmsis_os2.o(i.osKernelInitialize)
    osKernelStart                            0x08001e49   Thumb Code    48  cmsis_os2.o(i.osKernelStart)
    osMessageQueueNew                        0x08001e81   Thumb Code    88  cmsis_os2.o(i.osMessageQueueNew)
    osThreadNew                              0x08001ed9   Thumb Code   136  cmsis_os2.o(i.osThreadNew)
    pvPortMalloc                             0x080026f5   Thumb Code   216  heap_4.o(i.pvPortMalloc)
    pxPortInitialiseStack                    0x080027d1   Thumb Code    40  port.o(i.pxPortInitialiseStack)
    uxListRemove                             0x080027fd   Thumb Code    38  list.o(i.uxListRemove)
    uxQueueMessagesWaiting                   0x08002823   Thumb Code    36  queue.o(i.uxQueueMessagesWaiting)
    uxQueueSpacesAvailable                   0x08002847   Thumb Code    40  queue.o(i.uxQueueSpacesAvailable)
    vApplicationGetIdleTaskMemory            0x08002871   Thumb Code    16  cmsis_os2.o(i.vApplicationGetIdleTaskMemory)
    vApplicationGetTimerTaskMemory           0x08002885   Thumb Code    18  cmsis_os2.o(i.vApplicationGetTimerTaskMemory)
    vListInitialise                          0x0800289d   Thumb Code    22  list.o(i.vListInitialise)
    vListInitialiseItem                      0x080028b3   Thumb Code     6  list.o(i.vListInitialiseItem)
    vListInsert                              0x080028b9   Thumb Code    48  list.o(i.vListInsert)
    vListInsertEnd                           0x080028e9   Thumb Code    24  list.o(i.vListInsertEnd)
    vPortEnterCritical                       0x08002901   Thumb Code    54  port.o(i.vPortEnterCritical)
    vPortExitCritical                        0x08002941   Thumb Code    34  port.o(i.vPortExitCritical)
    vPortFree                                0x08002969   Thumb Code    94  heap_4.o(i.vPortFree)
    vPortSetupTimerInterrupt                 0x080029cd   Thumb Code    32  port.o(i.vPortSetupTimerInterrupt)
    vPortValidateInterruptPriority           0x080029f1   Thumb Code    74  port.o(i.vPortValidateInterruptPriority)
    vQueueAddToRegistry                      0x08002a45   Thumb Code    34  queue.o(i.vQueueAddToRegistry)
    vQueueWaitForMessageRestricted           0x08002a6d   Thumb Code    68  queue.o(i.vQueueWaitForMessageRestricted)
    vTaskDelay                               0x08002ab1   Thumb Code    66  tasks.o(i.vTaskDelay)
    vTaskInternalSetTimeOutState             0x08002afd   Thumb Code    12  tasks.o(i.vTaskInternalSetTimeOutState)
    vTaskMissedYield                         0x08002b0d   Thumb Code     8  tasks.o(i.vTaskMissedYield)
    vTaskPlaceOnEventList                    0x08002b19   Thumb Code    44  tasks.o(i.vTaskPlaceOnEventList)
    vTaskPlaceOnEventListRestricted          0x08002b49   Thumb Code    52  tasks.o(i.vTaskPlaceOnEventListRestricted)
    vTaskStartScheduler                      0x08002b81   Thumb Code   118  tasks.o(i.vTaskStartScheduler)
    vTaskSuspendAll                          0x08002c09   Thumb Code    10  tasks.o(i.vTaskSuspendAll)
    vTaskSwitchContext                       0x08002c19   Thumb Code    90  tasks.o(i.vTaskSwitchContext)
    xPortStartScheduler                      0x08002c7d   Thumb Code   222  port.o(i.xPortStartScheduler)
    xPortSysTickHandler                      0x08002d71   Thumb Code    38  port.o(i.xPortSysTickHandler)
    xQueueGenericCreate                      0x08002d9d   Thumb Code    66  queue.o(i.xQueueGenericCreate)
    xQueueGenericCreateStatic                0x08002ddf   Thumb Code   102  queue.o(i.xQueueGenericCreateStatic)
    xQueueGenericReset                       0x08002e45   Thumb Code   132  queue.o(i.xQueueGenericReset)
    xQueueGenericSend                        0x08002ecd   Thumb Code   346  queue.o(i.xQueueGenericSend)
    xQueueGenericSendFromISR                 0x0800302d   Thumb Code   190  queue.o(i.xQueueGenericSendFromISR)
    xQueueReceive                            0x080030ed   Thumb Code   308  queue.o(i.xQueueReceive)
    xTaskCheckForTimeOut                     0x08003225   Thumb Code   112  tasks.o(i.xTaskCheckForTimeOut)
    xTaskCreate                              0x08003299   Thumb Code    90  tasks.o(i.xTaskCreate)
    xTaskCreateStatic                        0x080032f3   Thumb Code    86  tasks.o(i.xTaskCreateStatic)
    xTaskGetSchedulerState                   0x08003349   Thumb Code    22  tasks.o(i.xTaskGetSchedulerState)
    xTaskGetTickCount                        0x08003365   Thumb Code     6  tasks.o(i.xTaskGetTickCount)
    xTaskIncrementTick                       0x08003371   Thumb Code   192  tasks.o(i.xTaskIncrementTick)
    xTaskPriorityDisinherit                  0x08003439   Thumb Code   118  tasks.o(i.xTaskPriorityDisinherit)
    xTaskRemoveFromEventList                 0x080034b9   Thumb Code    98  tasks.o(i.xTaskRemoveFromEventList)
    xTaskResumeAll                           0x08003529   Thumb Code   182  tasks.o(i.xTaskResumeAll)
    xTimerCreateTimerTask                    0x080035ed   Thumb Code    78  timers.o(i.xTimerCreateTimerTask)
    xTimerGenericCommand                     0x0800364d   Thumb Code    98  timers.o(i.xTimerGenericCommand)
    task_SEND_attributes                     0x080036b4   Data          36  freertos.o(.constdata)
    task_RECEIVE_attributes                  0x080036d8   Data          36  freertos.o(.constdata)
    TEST_QUEUE_attributes                    0x080036fc   Data          24  freertos.o(.constdata)
    AHBPrescTable                            0x08003714   Data          16  system_stm32f4xx.o(.constdata)
    APBPrescTable                            0x08003724   Data           8  system_stm32f4xx.o(.constdata)
    Region$$Table$$Base                      0x08003754   Number         0  anon$$obj.o(Region$$Table)
    Region$$Table$$Limit                     0x08003774   Number         0  anon$$obj.o(Region$$Table)
    task_SENDHandle                          0x20000000   Data           4  freertos.o(.data)
    task_RECEIVEHandle                       0x20000004   Data           4  freertos.o(.data)
    TEST_QUEUEHandle                         0x20000008   Data           4  freertos.o(.data)
    uwTickFreq                               0x2000000c   Data           1  stm32f4xx_hal.o(.data)
    uwTickPrio                               0x20000010   Data           4  stm32f4xx_hal.o(.data)
    uwTick                                   0x20000014   Data           4  stm32f4xx_hal.o(.data)
    SystemCoreClock                          0x20000018   Data           4  system_stm32f4xx.o(.data)
    pxCurrentTCB                             0x2000001c   Data           4  tasks.o(.data)
    __stdout                                 0x2000009c   Data           4  stdout.o(.data)
    hrtc                                     0x200000a0   Data          32  rtc.o(.bss)
    huart1                                   0x200000c0   Data          72  usart.o(.bss)
    htim6                                    0x20000108   Data          72  stm32f4xx_hal_timebase_tim.o(.bss)
    xQueueRegistry                           0x20000150   Data          64  queue.o(.bss)
    __initial_sp                             0x20004e28   Data           0  startup_stm32f407xx.o(STACK)



==============================================================================

Memory Map of the image

  Image Entry point : 0x08000189

  Load Region LR_IROM1 (Base: 0x08000000, Size: 0x00003814, Max: 0x00100000, ABSOLUTE)

    Execution Region ER_IROM1 (Exec base: 0x08000000, Load base: 0x08000000, Size: 0x00003774, Max: 0x00100000, ABSOLUTE)

    Exec Addr    Load Addr    Size         Type   Attr      Idx    E Section Name        Object

    0x08000000   0x08000000   0x00000188   Data   RO            3    RESET               startup_stm32f407xx.o
    0x08000188   0x08000188   0x00000000   Code   RO         5175  * .ARM.Collect$$$$00000000  mc_w.l(entry.o)
    0x08000188   0x08000188   0x00000004   Code   RO         5449    .ARM.Collect$$$$00000001  mc_w.l(entry2.o)
    0x0800018c   0x0800018c   0x00000004   Code   RO         5452    .ARM.Collect$$$$00000004  mc_w.l(entry5.o)
    0x08000190   0x08000190   0x00000000   Code   RO         5454    .ARM.Collect$$$$00000008  mc_w.l(entry7b.o)
    0x08000190   0x08000190   0x00000000   Code   RO         5456    .ARM.Collect$$$$0000000A  mc_w.l(entry8b.o)
    0x08000190   0x08000190   0x00000008   Code   RO         5457    .ARM.Collect$$$$0000000B  mc_w.l(entry9a.o)
    0x08000198   0x08000198   0x00000000   Code   RO         5459    .ARM.Collect$$$$0000000D  mc_w.l(entry10a.o)
    0x08000198   0x08000198   0x00000000   Code   RO         5461    .ARM.Collect$$$$0000000F  mc_w.l(entry11a.o)
    0x08000198   0x08000198   0x00000004   Code   RO         5450    .ARM.Collect$$$$00002712  mc_w.l(entry2.o)
    0x0800019c   0x0800019c   0x000000be   Code   RO         5098    .emb_text           port.o
    0x0800025a   0x0800025a   0x00000002   PAD
    0x0800025c   0x0800025c   0x00000024   Code   RO            4    .text               startup_stm32f407xx.o
    0x08000280   0x08000280   0x00000062   Code   RO         5178    .text               mc_w.l(uldiv.o)
    0x080002e2   0x080002e2   0x00000024   Code   RO         5180    .text               mc_w.l(memcpya.o)
    0x08000306   0x08000306   0x00000024   Code   RO         5184    .text               mc_w.l(memseta.o)
    0x0800032a   0x0800032a   0x0000002c   Code   RO         5464    .text               mc_w.l(uidiv.o)
    0x08000356   0x08000356   0x0000001e   Code   RO         5466    .text               mc_w.l(llshl.o)
    0x08000374   0x08000374   0x00000020   Code   RO         5468    .text               mc_w.l(llushr.o)
    0x08000394   0x08000394   0x00000024   Code   RO         5481    .text               mc_w.l(init.o)
    0x080003b8   0x080003b8   0x00000002   Code   RO          378    i.BusFault_Handler  stm32f4xx_it.o
    0x080003ba   0x080003ba   0x00000002   Code   RO          379    i.DebugMon_Handler  stm32f4xx_it.o
    0x080003bc   0x080003bc   0x00000004   Code   RO           13    i.Error_Handler     main.o
    0x080003c0   0x080003c0   0x000001f0   Code   RO          866    i.HAL_GPIO_Init     stm32f4xx_hal_gpio.o
    0x080005b0   0x080005b0   0x0000000a   Code   RO          868    i.HAL_GPIO_ReadPin  stm32f4xx_hal_gpio.o
    0x080005ba   0x080005ba   0x00000002   PAD
    0x080005bc   0x080005bc   0x0000000c   Code   RO         1404    i.HAL_GetTick       stm32f4xx_hal.o
    0x080005c8   0x080005c8   0x00000010   Code   RO         1410    i.HAL_IncTick       stm32f4xx_hal.o
    0x080005d8   0x080005d8   0x00000034   Code   RO         1411    i.HAL_Init          stm32f4xx_hal.o
    0x0800060c   0x0800060c   0x00000098   Code   RO          472    i.HAL_InitTick      stm32f4xx_hal_timebase_tim.o
    0x080006a4   0x080006a4   0x00000038   Code   RO          448    i.HAL_MspInit       stm32f4xx_hal_msp.o
    0x080006dc   0x080006dc   0x0000001a   Code   RO         1256    i.HAL_NVIC_EnableIRQ  stm32f4xx_hal_cortex.o
    0x080006f6   0x080006f6   0x00000002   PAD
    0x080006f8   0x080006f8   0x00000040   Code   RO         1262    i.HAL_NVIC_SetPriority  stm32f4xx_hal_cortex.o
    0x08000738   0x08000738   0x00000024   Code   RO         1263    i.HAL_NVIC_SetPriorityGrouping  stm32f4xx_hal_cortex.o
    0x0800075c   0x0800075c   0x0000013c   Code   RO          617    i.HAL_RCCEx_PeriphCLKConfig  stm32f4xx_hal_rcc_ex.o
    0x08000898   0x08000898   0x00000134   Code   RO          512    i.HAL_RCC_ClockConfig  stm32f4xx_hal_rcc.o
    0x080009cc   0x080009cc   0x00000040   Code   RO          516    i.HAL_RCC_GetClockConfig  stm32f4xx_hal_rcc.o
    0x08000a0c   0x08000a0c   0x00000020   Code   RO          519    i.HAL_RCC_GetPCLK1Freq  stm32f4xx_hal_rcc.o
    0x08000a2c   0x08000a2c   0x00000020   Code   RO          520    i.HAL_RCC_GetPCLK2Freq  stm32f4xx_hal_rcc.o
    0x08000a4c   0x08000a4c   0x00000060   Code   RO          521    i.HAL_RCC_GetSysClockFreq  stm32f4xx_hal_rcc.o
    0x08000aac   0x08000aac   0x0000036c   Code   RO          524    i.HAL_RCC_OscConfig  stm32f4xx_hal_rcc.o
    0x08000e18   0x08000e18   0x00000104   Code   RO         1849    i.HAL_RTCEx_SetWakeUpTimer_IT  stm32f4xx_hal_rtc_ex.o
    0x08000f1c   0x08000f1c   0x00000038   Code   RO          236    i.HAL_RTCEx_WakeUpTimerEventCallback  freertos.o
    0x08000f54   0x08000f54   0x00000030   Code   RO         1855    i.HAL_RTCEx_WakeUpTimerIRQHandler  stm32f4xx_hal_rtc_ex.o
    0x08000f84   0x08000f84   0x0000009c   Code   RO         1662    i.HAL_RTC_Init      stm32f4xx_hal_rtc.o
    0x08001020   0x08001020   0x00000048   Code   RO          295    i.HAL_RTC_MspInit   rtc.o
    0x08001068   0x08001068   0x00000098   Code   RO         1668    i.HAL_RTC_SetDate   stm32f4xx_hal_rtc.o
    0x08001100   0x08001100   0x000000c0   Code   RO         1669    i.HAL_RTC_SetTime   stm32f4xx_hal_rtc.o
    0x080011c0   0x080011c0   0x00000038   Code   RO         1670    i.HAL_RTC_WaitForSynchro  stm32f4xx_hal_rtc.o
    0x080011f8   0x080011f8   0x00000002   Code   RO         2755    i.HAL_TIMEx_BreakCallback  stm32f4xx_hal_tim_ex.o
    0x080011fa   0x080011fa   0x00000002   Code   RO         2756    i.HAL_TIMEx_CommutCallback  stm32f4xx_hal_tim_ex.o
    0x080011fc   0x080011fc   0x0000005a   Code   RO         2051    i.HAL_TIM_Base_Init  stm32f4xx_hal_tim.o
    0x08001256   0x08001256   0x00000002   Code   RO         2053    i.HAL_TIM_Base_MspInit  stm32f4xx_hal_tim.o
    0x08001258   0x08001258   0x00000080   Code   RO         2056    i.HAL_TIM_Base_Start_IT  stm32f4xx_hal_tim.o
    0x080012d8   0x080012d8   0x00000002   Code   RO         2085    i.HAL_TIM_IC_CaptureCallback  stm32f4xx_hal_tim.o
    0x080012da   0x080012da   0x00000130   Code   RO         2099    i.HAL_TIM_IRQHandler  stm32f4xx_hal_tim.o
    0x0800140a   0x0800140a   0x00000002   Code   RO         2102    i.HAL_TIM_OC_DelayElapsedCallback  stm32f4xx_hal_tim.o
    0x0800140c   0x0800140c   0x00000002   Code   RO         2129    i.HAL_TIM_PWM_PulseFinishedCallback  stm32f4xx_hal_tim.o
    0x0800140e   0x0800140e   0x00000002   PAD
    0x08001410   0x08001410   0x00000014   Code   RO           14    i.HAL_TIM_PeriodElapsedCallback  main.o
    0x08001424   0x08001424   0x00000002   Code   RO         2142    i.HAL_TIM_TriggerCallback  stm32f4xx_hal_tim.o
    0x08001426   0x08001426   0x00000064   Code   RO         3052    i.HAL_UART_Init     stm32f4xx_hal_uart.o
    0x0800148a   0x0800148a   0x00000002   PAD
    0x0800148c   0x0800148c   0x0000006c   Code   RO          337    i.HAL_UART_MspInit  usart.o
    0x080014f8   0x080014f8   0x000000a0   Code   RO         3060    i.HAL_UART_Transmit  stm32f4xx_hal_uart.o
    0x08001598   0x08001598   0x00000002   Code   RO          380    i.HardFault_Handler  stm32f4xx_it.o
    0x0800159a   0x0800159a   0x00000002   PAD
    0x0800159c   0x0800159c   0x00000040   Code   RO          237    i.MX_FREERTOS_Init  freertos.o
    0x080015dc   0x080015dc   0x00000070   Code   RO          212    i.MX_GPIO_Init      gpio.o
    0x0800164c   0x0800164c   0x00000090   Code   RO          296    i.MX_RTC_Init       rtc.o
    0x080016dc   0x080016dc   0x00000038   Code   RO          338    i.MX_USART1_UART_Init  usart.o
    0x08001714   0x08001714   0x00000002   Code   RO          381    i.MemManage_Handler  stm32f4xx_it.o
    0x08001716   0x08001716   0x00000002   Code   RO          382    i.NMI_Handler       stm32f4xx_it.o
    0x08001718   0x08001718   0x00000016   Code   RO         1672    i.RTC_ByteToBcd2    stm32f4xx_hal_rtc.o
    0x0800172e   0x0800172e   0x00000002   PAD
    0x08001730   0x08001730   0x00000048   Code   RO         1673    i.RTC_EnterInitMode  stm32f4xx_hal_rtc.o
    0x08001778   0x08001778   0x0000002a   Code   RO         1674    i.RTC_ExitInitMode  stm32f4xx_hal_rtc.o
    0x080017a2   0x080017a2   0x00000002   PAD
    0x080017a4   0x080017a4   0x0000000c   Code   RO          383    i.RTC_WKUP_IRQHandler  stm32f4xx_it.o
    0x080017b0   0x080017b0   0x0000001a   Code   RO         4530    i.SysTick_Handler   cmsis_os2.o
    0x080017ca   0x080017ca   0x00000002   PAD
    0x080017cc   0x080017cc   0x00000098   Code   RO           15    i.SystemClock_Config  main.o
    0x08001864   0x08001864   0x00000010   Code   RO         3386    i.SystemInit        system_stm32f4xx.o
    0x08001874   0x08001874   0x00000074   Code   RO          238    i.TASK_RECEIVE      freertos.o
    0x080018e8   0x080018e8   0x00000080   Code   RO          239    i.TASK_SEND         freertos.o
    0x08001968   0x08001968   0x0000000c   Code   RO          384    i.TIM6_DAC_IRQHandler  stm32f4xx_it.o
    0x08001974   0x08001974   0x000000d8   Code   RO         2144    i.TIM_Base_SetConfig  stm32f4xx_hal_tim.o
    0x08001a4c   0x08001a4c   0x0000004e   Code   RO         3075    i.UART_EndRxTransfer  stm32f4xx_hal_uart.o
    0x08001a9a   0x08001a9a   0x00000002   PAD
    0x08001a9c   0x08001a9c   0x0000010c   Code   RO         3078    i.UART_SetConfig    stm32f4xx_hal_uart.o
    0x08001ba8   0x08001ba8   0x00000072   Code   RO         3081    i.UART_WaitOnFlagUntilTimeout  stm32f4xx_hal_uart.o
    0x08001c1a   0x08001c1a   0x00000002   Code   RO          385    i.UsageFault_Handler  stm32f4xx_it.o
    0x08001c1c   0x08001c1c   0x00000020   Code   RO         5233    i.__0printf$1       mc_w.l(printf1.o)
    0x08001c3c   0x08001c3c   0x00000020   Code   RO         1269    i.__NVIC_SetPriority  stm32f4xx_hal_cortex.o
    0x08001c5c   0x08001c5c   0x0000000e   Code   RO         5489    i.__scatterload_copy  mc_w.l(handlers.o)
    0x08001c6a   0x08001c6a   0x00000002   Code   RO         5490    i.__scatterload_null  mc_w.l(handlers.o)
    0x08001c6c   0x08001c6c   0x0000000e   Code   RO         5491    i.__scatterload_zeroinit  mc_w.l(handlers.o)
    0x08001c7a   0x08001c7a   0x00000002   PAD
    0x08001c7c   0x08001c7c   0x00000154   Code   RO         5240    i._printf_core      mc_w.l(printf1.o)
    0x08001dd0   0x08001dd0   0x00000018   Code   RO           16    i.fputc             main.o
    0x08001de8   0x08001de8   0x00000022   Code   RO           17    i.main              main.o
    0x08001e0a   0x08001e0a   0x0000001a   Code   RO         4532    i.osDelay           cmsis_os2.o
    0x08001e24   0x08001e24   0x00000024   Code   RO         4546    i.osKernelInitialize  cmsis_os2.o
    0x08001e48   0x08001e48   0x00000038   Code   RO         4549    i.osKernelStart     cmsis_os2.o
    0x08001e80   0x08001e80   0x00000058   Code   RO         4566    i.osMessageQueueNew  cmsis_os2.o
    0x08001ed8   0x08001ed8   0x00000088   Code   RO         4591    i.osThreadNew       cmsis_os2.o
    0x08001f60   0x08001f60   0x0000005c   Code   RO         3994    i.prvAddCurrentTaskToDelayedList  tasks.o
    0x08001fbc   0x08001fbc   0x000000d0   Code   RO         3995    i.prvAddNewTaskToReadyList  tasks.o
    0x0800208c   0x0800208c   0x00000058   Code   RO         4359    i.prvCheckForValidListAndQueue  timers.o
    0x080020e4   0x080020e4   0x00000026   Code   RO         3591    i.prvCopyDataFromQueue  queue.o
    0x0800210a   0x0800210a   0x0000006c   Code   RO         3592    i.prvCopyDataToQueue  queue.o
    0x08002176   0x08002176   0x00000034   Code   RO         3996    i.prvDeleteTCB      tasks.o
    0x080021aa   0x080021aa   0x00000002   PAD
    0x080021ac   0x080021ac   0x0000004c   Code   RO         5043    i.prvHeapInit       heap_4.o
    0x080021f8   0x080021f8   0x00000060   Code   RO         3997    i.prvIdleTask       tasks.o
    0x08002258   0x08002258   0x00000022   Code   RO         3594    i.prvInitialiseNewQueue  queue.o
    0x0800227a   0x0800227a   0x00000002   PAD
    0x0800227c   0x0800227c   0x000000b0   Code   RO         3998    i.prvInitialiseNewTask  tasks.o
    0x0800232c   0x0800232c   0x0000004c   Code   RO         5044    i.prvInsertBlockIntoFreeList  heap_4.o
    0x08002378   0x08002378   0x00000038   Code   RO         4361    i.prvInsertTimerInActiveList  timers.o
    0x080023b0   0x080023b0   0x0000001c   Code   RO         3595    i.prvIsQueueEmpty   queue.o
    0x080023cc   0x080023cc   0x000000fc   Code   RO         4362    i.prvProcessReceivedCommands  timers.o
    0x080024c8   0x080024c8   0x000000c0   Code   RO         4363    i.prvProcessTimerOrBlockTask  timers.o
    0x08002588   0x08002588   0x00000020   Code   RO         4000    i.prvResetNextTaskUnblockTime  tasks.o
    0x080025a8   0x080025a8   0x00000028   Code   RO         4364    i.prvSampleTimeNow  timers.o
    0x080025d0   0x080025d0   0x0000006c   Code   RO         4365    i.prvSwitchTimerLists  timers.o
    0x0800263c   0x0800263c   0x00000028   Code   RO         5099    i.prvTaskExitError  port.o
    0x08002664   0x08002664   0x00000024   Code   RO         4366    i.prvTimerTask      timers.o
    0x08002688   0x08002688   0x0000006a   Code   RO         3596    i.prvUnlockQueue    queue.o
    0x080026f2   0x080026f2   0x00000002   PAD
    0x080026f4   0x080026f4   0x000000dc   Code   RO         5045    i.pvPortMalloc      heap_4.o
    0x080027d0   0x080027d0   0x0000002c   Code   RO         5100    i.pxPortInitialiseStack  port.o
    0x080027fc   0x080027fc   0x00000026   Code   RO         3551    i.uxListRemove      list.o
    0x08002822   0x08002822   0x00000024   Code   RO         3599    i.uxQueueMessagesWaiting  queue.o
    0x08002846   0x08002846   0x00000028   Code   RO         3601    i.uxQueueSpacesAvailable  queue.o
    0x0800286e   0x0800286e   0x00000002   PAD
    0x08002870   0x08002870   0x00000014   Code   RO         4603    i.vApplicationGetIdleTaskMemory  cmsis_os2.o
    0x08002884   0x08002884   0x00000018   Code   RO         4604    i.vApplicationGetTimerTaskMemory  cmsis_os2.o
    0x0800289c   0x0800289c   0x00000016   Code   RO         3552    i.vListInitialise   list.o
    0x080028b2   0x080028b2   0x00000006   Code   RO         3553    i.vListInitialiseItem  list.o
    0x080028b8   0x080028b8   0x00000030   Code   RO         3554    i.vListInsert       list.o
    0x080028e8   0x080028e8   0x00000018   Code   RO         3555    i.vListInsertEnd    list.o
    0x08002900   0x08002900   0x00000040   Code   RO         5102    i.vPortEnterCritical  port.o
    0x08002940   0x08002940   0x00000028   Code   RO         5103    i.vPortExitCritical  port.o
    0x08002968   0x08002968   0x00000064   Code   RO         5046    i.vPortFree         heap_4.o
    0x080029cc   0x080029cc   0x00000024   Code   RO         5104    i.vPortSetupTimerInterrupt  port.o
    0x080029f0   0x080029f0   0x00000054   Code   RO         5105    i.vPortValidateInterruptPriority  port.o
    0x08002a44   0x08002a44   0x00000028   Code   RO         3602    i.vQueueAddToRegistry  queue.o
    0x08002a6c   0x08002a6c   0x00000044   Code   RO         3606    i.vQueueWaitForMessageRestricted  queue.o
    0x08002ab0   0x08002ab0   0x0000004c   Code   RO         4013    i.vTaskDelay        tasks.o
    0x08002afc   0x08002afc   0x00000010   Code   RO         4018    i.vTaskInternalSetTimeOutState  tasks.o
    0x08002b0c   0x08002b0c   0x0000000c   Code   RO         4019    i.vTaskMissedYield  tasks.o
    0x08002b18   0x08002b18   0x00000030   Code   RO         4021    i.vTaskPlaceOnEventList  tasks.o
    0x08002b48   0x08002b48   0x00000038   Code   RO         4022    i.vTaskPlaceOnEventListRestricted  tasks.o
    0x08002b80   0x08002b80   0x00000088   Code   RO         4030    i.vTaskStartScheduler  tasks.o
    0x08002c08   0x08002c08   0x00000010   Code   RO         4032    i.vTaskSuspendAll   tasks.o
    0x08002c18   0x08002c18   0x00000064   Code   RO         4033    i.vTaskSwitchContext  tasks.o
    0x08002c7c   0x08002c7c   0x000000f4   Code   RO         5106    i.xPortStartScheduler  port.o
    0x08002d70   0x08002d70   0x0000002c   Code   RO         5107    i.xPortSysTickHandler  port.o
    0x08002d9c   0x08002d9c   0x00000042   Code   RO         3611    i.xQueueGenericCreate  queue.o
    0x08002dde   0x08002dde   0x00000066   Code   RO         3612    i.xQueueGenericCreateStatic  queue.o
    0x08002e44   0x08002e44   0x00000088   Code   RO         3613    i.xQueueGenericReset  queue.o
    0x08002ecc   0x08002ecc   0x00000160   Code   RO         3614    i.xQueueGenericSend  queue.o
    0x0800302c   0x0800302c   0x000000be   Code   RO         3615    i.xQueueGenericSendFromISR  queue.o
    0x080030ea   0x080030ea   0x00000002   PAD
    0x080030ec   0x080030ec   0x00000138   Code   RO         3624    i.xQueueReceive     queue.o
    0x08003224   0x08003224   0x00000074   Code   RO         4035    i.xTaskCheckForTimeOut  tasks.o
    0x08003298   0x08003298   0x0000005a   Code   RO         4036    i.xTaskCreate       tasks.o
    0x080032f2   0x080032f2   0x00000056   Code   RO         4037    i.xTaskCreateStatic  tasks.o
    0x08003348   0x08003348   0x0000001c   Code   RO         4041    i.xTaskGetSchedulerState  tasks.o
    0x08003364   0x08003364   0x0000000c   Code   RO         4042    i.xTaskGetTickCount  tasks.o
    0x08003370   0x08003370   0x000000c8   Code   RO         4044    i.xTaskIncrementTick  tasks.o
    0x08003438   0x08003438   0x00000080   Code   RO         4047    i.xTaskPriorityDisinherit  tasks.o
    0x080034b8   0x080034b8   0x00000070   Code   RO         4049    i.xTaskRemoveFromEventList  tasks.o
    0x08003528   0x08003528   0x000000c4   Code   RO         4050    i.xTaskResumeAll    tasks.o
    0x080035ec   0x080035ec   0x00000060   Code   RO         4375    i.xTimerCreateTimerTask  timers.o
    0x0800364c   0x0800364c   0x00000068   Code   RO         4376    i.xTimerGenericCommand  timers.o
    0x080036b4   0x080036b4   0x00000060   Data   RO          240    .constdata          freertos.o
    0x08003714   0x08003714   0x00000010   Data   RO         3387    .constdata          system_stm32f4xx.o
    0x08003724   0x08003724   0x00000008   Data   RO         3388    .constdata          system_stm32f4xx.o
    0x0800372c   0x0800372c   0x00000025   Data   RO          241    .conststring        freertos.o
    0x08003751   0x08003751   0x00000003   PAD
    0x08003754   0x08003754   0x00000020   Data   RO         5487    Region$$Table       anon$$obj.o


    Execution Region RW_IRAM1 (Exec base: 0x20000000, Load base: 0x08003774, Size: 0x00004e28, Max: 0x0001c000, ABSOLUTE)

    Exec Addr    Load Addr    Size         Type   Attr      Idx    E Section Name        Object

    0x20000000   0x08003774   0x0000000c   Data   RW          242    .data               freertos.o
    0x2000000c   0x08003780   0x0000000c   Data   RW         1418    .data               stm32f4xx_hal.o
    0x20000018   0x0800378c   0x00000004   Data   RW         3389    .data               system_stm32f4xx.o
    0x2000001c   0x08003790   0x0000003c   Data   RW         4053    .data               tasks.o
    0x20000058   0x080037cc   0x00000014   Data   RW         4384    .data               timers.o
    0x2000006c   0x080037e0   0x00000004   Data   RW         4606    .data               cmsis_os2.o
    0x20000070   0x080037e4   0x00000020   Data   RW         5052    .data               heap_4.o
    0x20000090   0x08003804   0x0000000c   Data   RW         5108    .data               port.o
    0x2000009c   0x08003810   0x00000004   Data   RW         5463    .data               mc_w.l(stdout.o)
    0x200000a0        -       0x00000020   Zero   RW          297    .bss                rtc.o
    0x200000c0        -       0x00000048   Zero   RW          339    .bss                usart.o
    0x20000108        -       0x00000048   Zero   RW          475    .bss                stm32f4xx_hal_timebase_tim.o
    0x20000150        -       0x00000040   Zero   RW         3628    .bss                queue.o
    0x20000190        -       0x000004c4   Zero   RW         4052    .bss                tasks.o
    0x20000654        -       0x00000118   Zero   RW         4383    .bss                timers.o
    0x2000076c        -       0x000006b8   Zero   RW         4605    .bss                cmsis_os2.o
    0x20000e24        -       0x00003c00   Zero   RW         5051    .bss                heap_4.o
    0x20004a24   0x08003814   0x00000004   PAD
    0x20004a28        -       0x00000400   Zero   RW            1    STACK               startup_stm32f407xx.o


    Execution Region RW_IRAM2 (Exec base: 0x2001c000, Load base: 0x08003814, Size: 0x00000000, Max: 0x00004000, ABSOLUTE)

    **** No section assigned to this execution region ****


==============================================================================

Image component sizes


      Code (inc. data)   RO Data    RW Data    ZI Data      Debug   Object Name

       412         22          0          4       1720      66307   cmsis_os2.o
         0          0          0          0          0      19500   event_groups.o
       364         92        133         12          0       5948   freertos.o
       112         10          0          0          0        955   gpio.o
       472         24          0         32      15360       4903   heap_4.o
       138          0          0          0          0       3586   list.o
       234         18          0          0          0     731588   main.o
       786         82          0         12          0      11577   port.o
      1656         20          0          0         64      20292   queue.o
       216         16          0          0         32       1699   rtc.o
        36          8        392          0       1024        840   startup_stm32f407xx.o
        80         14          0         12          0       8114   stm32f4xx_hal.o
       158         14          0          0          0      33066   stm32f4xx_hal_cortex.o
       506         46          0          0          0       2215   stm32f4xx_hal_gpio.o
        56          4          0          0          0        878   stm32f4xx_hal_msp.o
      1408         82          0          0          0       5945   stm32f4xx_hal_rcc.o
       316         20          0          0          0       1400   stm32f4xx_hal_rcc_ex.o
       692         24          0          0          0       6169   stm32f4xx_hal_rtc.o
       308         14          0          0          0       2136   stm32f4xx_hal_rtc_ex.o
       748         74          0          0          0       7572   stm32f4xx_hal_tim.o
         4          0          0          0          0       1653   stm32f4xx_hal_tim_ex.o
       152         20          0          0         72       1499   stm32f4xx_hal_timebase_tim.o
       720         10          0          0          0       4880   stm32f4xx_hal_uart.o
        36         12          0          0          0       3781   stm32f4xx_it.o
         0          0          0          0          0        400   stream_buffer.o
        16          4         24          4          0       1147   system_stm32f4xx.o
      2084        168          0         60       1220      27064   tasks.o
       972         80          0         20        280      29751   timers.o
       164         22          0          0         72       1742   usart.o

    ----------------------------------------------------------------------
     12876        900        584        156      19848    1006607   Object Totals
         0          0         32          0          0          0   (incl. Generated)
        30          0          3          0          4          0   (incl. Padding)

    ----------------------------------------------------------------------

      Code (inc. data)   RO Data    RW Data    ZI Data      Debug   Library Member Name

         0          0          0          0          0          0   entry.o
         0          0          0          0          0          0   entry10a.o
         0          0          0          0          0          0   entry11a.o
         8          4          0          0          0          0   entry2.o
         4          0          0          0          0          0   entry5.o
         0          0          0          0          0          0   entry7b.o
         0          0          0          0          0          0   entry8b.o
         8          4          0          0          0          0   entry9a.o
        30          0          0          0          0          0   handlers.o
        36          8          0          0          0         68   init.o
        30          0          0          0          0         68   llshl.o
        32          0          0          0          0         68   llushr.o
        36          0          0          0          0         68   memcpya.o
        36          0          0          0          0        108   memseta.o
       372         14          0          0          0        184   printf1.o
         0          0          0          4          0          0   stdout.o
        44          0          0          0          0         80   uidiv.o
        98          0          0          0          0         92   uldiv.o

    ----------------------------------------------------------------------
       736         30          0          4          0        736   Library Totals
         2          0          0          0          0          0   (incl. Padding)

    ----------------------------------------------------------------------

      Code (inc. data)   RO Data    RW Data    ZI Data      Debug   Library Name

       734         30          0          4          0        736   mc_w.l

    ----------------------------------------------------------------------
       736         30          0          4          0        736   Library Totals

    ----------------------------------------------------------------------

==============================================================================


      Code (inc. data)   RO Data    RW Data    ZI Data      Debug   

     13612        930        584        160      19848     994035   Grand Totals
     13612        930        584        160      19848     994035   ELF Image Totals
     13612        930        584        160          0          0   ROM Totals

==============================================================================

    Total RO  Size (Code + RO Data)                14196 (  13.86kB)
    Total RW  Size (RW Data + ZI Data)             20008 (  19.54kB)
    Total ROM Size (Code + RO Data + RW Data)      14356 (  14.02kB)

==============================================================================

